Component: ARM Compiler 5.05 update 2 (build 169) Tool: armlink [4d0f33]

==============================================================================

Section Cross References

    startup_stm32l152xe.o(RESET) refers to startup_stm32l152xe.o(STACK) for __initial_sp
    startup_stm32l152xe.o(RESET) refers to startup_stm32l152xe.o(.text) for Reset_Handler
    startup_stm32l152xe.o(RESET) refers to stm32l1xx_it.o(i.NMI_Handler) for NMI_Handler
    startup_stm32l152xe.o(RESET) refers to stm32l1xx_it.o(i.HardFault_Handler) for HardFault_Handler
    startup_stm32l152xe.o(RESET) refers to stm32l1xx_it.o(i.MemManage_Handler) for MemManage_Handler
    startup_stm32l152xe.o(RESET) refers to stm32l1xx_it.o(i.BusFault_Handler) for BusFault_Handler
    startup_stm32l152xe.o(RESET) refers to stm32l1xx_it.o(i.UsageFault_Handler) for UsageFault_Handler
    startup_stm32l152xe.o(RESET) refers to port.o(.emb_text) for SVC_Handler
    startup_stm32l152xe.o(RESET) refers to stm32l1xx_it.o(i.DebugMon_Handler) for DebugMon_Handler
    startup_stm32l152xe.o(RESET) refers to stm32l1xx_it.o(i.SysTick_Handler) for SysTick_Handler
    startup_stm32l152xe.o(RESET) refers to stm32l1xx_it.o(i.TIM2_IRQHandler) for TIM2_IRQHandler
    startup_stm32l152xe.o(RESET) refers to stm32l1xx_it.o(i.TIM3_IRQHandler) for TIM3_IRQHandler
    startup_stm32l152xe.o(RESET) refers to stm32l1xx_it.o(i.USART2_IRQHandler) for USART2_IRQHandler
    startup_stm32l152xe.o(RESET) refers to stm32l1xx_it.o(i.EXTI15_10_IRQHandler) for EXTI15_10_IRQHandler
    startup_stm32l152xe.o(.text) refers to system_stm32l1xx.o(i.SystemInit) for SystemInit
    startup_stm32l152xe.o(.text) refers to entry.o(.ARM.Collect$$$$00000000) for __main
    main.o(i.HAL_GPIO_EXTI_Callback) refers to printfa.o(i.__0printf) for __2printf
    main.o(i.HAL_GPIO_EXTI_Callback) refers to stm32l1xx_hal_tim.o(i.HAL_TIM_Base_Start_IT) for HAL_TIM_Base_Start_IT
    main.o(i.HAL_GPIO_EXTI_Callback) refers to stm32l1xx_hal_tim.o(i.HAL_TIM_Base_Stop_IT) for HAL_TIM_Base_Stop_IT
    main.o(i.HAL_GPIO_EXTI_Callback) refers to main.o(.data) for .data
    main.o(i.HAL_GPIO_EXTI_Callback) refers to tim.o(.bss) for htim3
    main.o(i.HAL_TIM_PeriodElapsedCallback) refers to stm32l1xx_hal.o(i.HAL_IncTick) for HAL_IncTick
    main.o(i.HAL_TIM_PeriodElapsedCallback) refers to cmsis_os.o(i.osSemaphoreRelease) for osSemaphoreRelease
    main.o(i.HAL_TIM_PeriodElapsedCallback) refers to printfa.o(i.__0printf) for __2printf
    main.o(i.HAL_TIM_PeriodElapsedCallback) refers to tim.o(.bss) for htim3
    main.o(i.HAL_TIM_PeriodElapsedCallback) refers to freertos.o(.data) for Timer3SemHandle
    main.o(i.SystemClock_Config) refers to stm32l1xx_hal_rcc.o(i.HAL_RCC_OscConfig) for HAL_RCC_OscConfig
    main.o(i.SystemClock_Config) refers to stm32l1xx_hal_rcc.o(i.HAL_RCC_ClockConfig) for HAL_RCC_ClockConfig
    main.o(i.SystemClock_Config) refers to stm32l1xx_hal_rcc.o(i.HAL_RCC_GetHCLKFreq) for HAL_RCC_GetHCLKFreq
    main.o(i.SystemClock_Config) refers to stm32l1xx_hal_cortex.o(i.HAL_SYSTICK_Config) for HAL_SYSTICK_Config
    main.o(i.SystemClock_Config) refers to stm32l1xx_hal_cortex.o(i.HAL_SYSTICK_CLKSourceConfig) for HAL_SYSTICK_CLKSourceConfig
    main.o(i.SystemClock_Config) refers to stm32l1xx_hal_cortex.o(i.HAL_NVIC_SetPriority) for HAL_NVIC_SetPriority
    main.o(i.fputc) refers to stm32l1xx_hal_uart.o(i.HAL_UART_Transmit) for HAL_UART_Transmit
    main.o(i.fputc) refers to usart.o(.bss) for huart2
    main.o(i.main) refers to stm32l1xx_hal.o(i.HAL_Init) for HAL_Init
    main.o(i.main) refers to main.o(i.SystemClock_Config) for SystemClock_Config
    main.o(i.main) refers to gpio.o(i.MX_GPIO_Init) for MX_GPIO_Init
    main.o(i.main) refers to usart.o(i.MX_USART2_UART_Init) for MX_USART2_UART_Init
    main.o(i.main) refers to tim.o(i.MX_TIM3_Init) for MX_TIM3_Init
    main.o(i.main) refers to i2c.o(i.MX_I2C1_Init) for MX_I2C1_Init
    main.o(i.main) refers to lsm6dsl.o(i.LSM6DSL_Init) for LSM6DSL_Init
    main.o(i.main) refers to lsm303agr.o(i.LSM303AGR_Init) for LSM303AGR_Init
    main.o(i.main) refers to stm32l1xx_hal_tim.o(i.HAL_TIM_Base_Stop_IT) for HAL_TIM_Base_Stop_IT
    main.o(i.main) refers to lsm6dsl.o(i.I2C_LSM6DSL_ReadData) for I2C_LSM6DSL_ReadData
    main.o(i.main) refers to printfa.o(i.__0printf) for __2printf
    main.o(i.main) refers to lsm303agr.o(i.I2C_LSM303AGR_ReadData) for I2C_LSM303AGR_ReadData
    main.o(i.main) refers to freertos.o(i.MX_FREERTOS_Init) for MX_FREERTOS_Init
    main.o(i.main) refers to cmsis_os.o(i.osKernelStart) for osKernelStart
    main.o(i.main) refers to usart.o(.bss) for huart2
    main.o(i.main) refers to tim.o(.bss) for htim3
    gpio.o(i.MX_GPIO_Init) refers to stm32l1xx_hal_gpio.o(i.HAL_GPIO_WritePin) for HAL_GPIO_WritePin
    gpio.o(i.MX_GPIO_Init) refers to stm32l1xx_hal_gpio.o(i.HAL_GPIO_Init) for HAL_GPIO_Init
    gpio.o(i.MX_GPIO_Init) refers to stm32l1xx_hal_cortex.o(i.HAL_NVIC_SetPriority) for HAL_NVIC_SetPriority
[...]
    i.HAL_NVIC_SetPriorityGrouping           0x08001a58   Section        0  stm32l1xx_hal_cortex.o(i.HAL_NVIC_SetPriorityGrouping)
    i.HAL_RCC_ClockConfig                    0x08001a7c   Section        0  stm32l1xx_hal_rcc.o(i.HAL_RCC_ClockConfig)
    i.HAL_RCC_GetClockConfig                 0x08001c50   Section        0  stm32l1xx_hal_rcc.o(i.HAL_RCC_GetClockConfig)
    i.HAL_RCC_GetHCLKFreq                    0x08001c90   Section        0  stm32l1xx_hal_rcc.o(i.HAL_RCC_GetHCLKFreq)
    i.HAL_RCC_GetPCLK1Freq                   0x08001c9c   Section        0  stm32l1xx_hal_rcc.o(i.HAL_RCC_GetPCLK1Freq)
    i.HAL_RCC_GetPCLK2Freq                   0x08001ccc   Section        0  stm32l1xx_hal_rcc.o(i.HAL_RCC_GetPCLK2Freq)
    i.HAL_RCC_GetSysClockFreq                0x08001cfc   Section        0  stm32l1xx_hal_rcc.o(i.HAL_RCC_GetSysClockFreq)
    i.HAL_RCC_OscConfig                      0x08001d88   Section        0  stm32l1xx_hal_rcc.o(i.HAL_RCC_OscConfig)
    i.HAL_SYSTICK_CLKSourceConfig            0x080024d8   Section        0  stm32l1xx_hal_cortex.o(i.HAL_SYSTICK_CLKSourceConfig)
    i.HAL_SYSTICK_Config                     0x080024f0   Section        0  stm32l1xx_hal_cortex.o(i.HAL_SYSTICK_Config)
    i.HAL_TIMEx_MasterConfigSynchronization  0x08002518   Section        0  stm32l1xx_hal_tim_ex.o(i.HAL_TIMEx_MasterConfigSynchronization)
    i.HAL_TIM_Base_Init                      0x08002568   Section        0  stm32l1xx_hal_tim.o(i.HAL_TIM_Base_Init)
    i.HAL_TIM_Base_MspInit                   0x080025a0   Section        0  tim.o(i.HAL_TIM_Base_MspInit)
    i.HAL_TIM_Base_Start_IT                  0x080025dc   Section        0  stm32l1xx_hal_tim.o(i.HAL_TIM_Base_Start_IT)
    i.HAL_TIM_Base_Stop_IT                   0x080025f4   Section        0  stm32l1xx_hal_tim.o(i.HAL_TIM_Base_Stop_IT)
    i.HAL_TIM_ConfigClockSource              0x08002616   Section        0  stm32l1xx_hal_tim.o(i.HAL_TIM_ConfigClockSource)
    i.HAL_TIM_IC_CaptureCallback             0x08002708   Section        0  stm32l1xx_hal_tim.o(i.HAL_TIM_IC_CaptureCallback)
    i.HAL_TIM_IRQHandler                     0x0800270a   Section        0  stm32l1xx_hal_tim.o(i.HAL_TIM_IRQHandler)
    i.HAL_TIM_OC_DelayElapsedCallback        0x08002830   Section        0  stm32l1xx_hal_tim.o(i.HAL_TIM_OC_DelayElapsedCallback)
    i.HAL_TIM_PWM_PulseFinishedCallback      0x08002832   Section        0  stm32l1xx_hal_tim.o(i.HAL_TIM_PWM_PulseFinishedCallback)
    i.HAL_TIM_PeriodElapsedCallback          0x08002834   Section        0  main.o(i.HAL_TIM_PeriodElapsedCallback)
    i.HAL_TIM_TriggerCallback                0x08002884   Section        0  stm32l1xx_hal_tim.o(i.HAL_TIM_TriggerCallback)
    i.HAL_UART_ErrorCallback                 0x08002886   Section        0  stm32l1xx_hal_uart.o(i.HAL_UART_ErrorCallback)
    i.HAL_UART_GetState                      0x08002888   Section        0  stm32l1xx_hal_uart.o(i.HAL_UART_GetState)
    i.HAL_UART_IRQHandler                    0x08002890   Section        0  stm32l1xx_hal_uart.o(i.HAL_UART_IRQHandler)
    i.HAL_UART_Init                          0x0800296a   Section        0  stm32l1xx_hal_uart.o(i.HAL_UART_Init)
    i.HAL_UART_MspInit                       0x080029c8   Section        0  usart.o(i.HAL_UART_MspInit)
    i.HAL_UART_Receive                       0x08002a24   Section        0  stm32l1xx_hal_uart.o(i.HAL_UART_Receive)
    i.HAL_UART_RxCpltCallback                0x08002af0   Section        0  stm32l1xx_hal_uart.o(i.HAL_UART_RxCpltCallback)
    i.HAL_UART_Transmit                      0x08002af4   Section        0  stm32l1xx_hal_uart.o(i.HAL_UART_Transmit)
    i.HAL_UART_TxCpltCallback                0x08002bc0   Section        0  stm32l1xx_hal_uart.o(i.HAL_UART_TxCpltCallback)
    i.HardFault_Handler                      0x08002bc2   Section        0  stm32l1xx_it.o(i.HardFault_Handler)
    i.I2C_IsAcknowledgeFailed                0x08002bc4   Section        0  stm32l1xx_hal_i2c.o(i.I2C_IsAcknowledgeFailed)
    I2C_IsAcknowledgeFailed                  0x08002bc5   Thumb Code    40  stm32l1xx_hal_i2c.o(i.I2C_IsAcknowledgeFailed)
    i.I2C_LSM303AGR_Error                    0x08002bec   Section        0  lsm303agr.o(i.I2C_LSM303AGR_Error)
    I2C_LSM303AGR_Error                      0x08002bed   Thumb Code    24  lsm303agr.o(i.I2C_LSM303AGR_Error)
    i.I2C_LSM303AGR_ReadData                 0x08002c34   Section        0  lsm303agr.o(i.I2C_LSM303AGR_ReadData)
    i.I2C_LSM303AGR_WriteData                0x08002c68   Section        0  lsm303agr.o(i.I2C_LSM303AGR_WriteData)
    i.I2C_LSM6DSL_Error                      0x08002c98   Section        0  lsm6dsl.o(i.I2C_LSM6DSL_Error)
    I2C_LSM6DSL_Error                        0x08002c99   Thumb Code    24  lsm6dsl.o(i.I2C_LSM6DSL_Error)
    i.I2C_LSM6DSL_ReadData                   0x08002cdc   Section        0  lsm6dsl.o(i.I2C_LSM6DSL_ReadData)
    i.I2C_LSM6DSL_WriteData                  0x08002d14   Section        0  lsm6dsl.o(i.I2C_LSM6DSL_WriteData)
    i.I2C_RequestMemoryRead                  0x08002d44   Section        0  stm32l1xx_hal_i2c.o(i.I2C_RequestMemoryRead)
    I2C_RequestMemoryRead                    0x08002d45   Thumb Code   240  stm32l1xx_hal_i2c.o(i.I2C_RequestMemoryRead)
    i.I2C_RequestMemoryWrite                 0x08002e34   Section        0  stm32l1xx_hal_i2c.o(i.I2C_RequestMemoryWrite)
    I2C_RequestMemoryWrite                   0x08002e35   Thumb Code   156  stm32l1xx_hal_i2c.o(i.I2C_RequestMemoryWrite)
    i.I2C_WaitOnBTFFlagUntilTimeout          0x08002ed4   Section        0  stm32l1xx_hal_i2c.o(i.I2C_WaitOnBTFFlagUntilTimeout)
    I2C_WaitOnBTFFlagUntilTimeout            0x08002ed5   Thumb Code    78  stm32l1xx_hal_i2c.o(i.I2C_WaitOnBTFFlagUntilTimeout)
    i.I2C_WaitOnFlagUntilTimeout             0x08002f22   Section        0  stm32l1xx_hal_i2c.o(i.I2C_WaitOnFlagUntilTimeout)
    I2C_WaitOnFlagUntilTimeout               0x08002f23   Thumb Code    96  stm32l1xx_hal_i2c.o(i.I2C_WaitOnFlagUntilTimeout)
    i.I2C_WaitOnMasterAddressFlagUntilTimeout 0x08002f84   Section        0  stm32l1xx_hal_i2c.o(i.I2C_WaitOnMasterAddressFlagUntilTimeout)
    I2C_WaitOnMasterAddressFlagUntilTimeout  0x08002f85   Thumb Code   136  stm32l1xx_hal_i2c.o(i.I2C_WaitOnMasterAddressFlagUntilTimeout)
    i.I2C_WaitOnRXNEFlagUntilTimeout         0x0800300c   Section        0  stm32l1xx_hal_i2c.o(i.I2C_WaitOnRXNEFlagUntilTimeout)
    I2C_WaitOnRXNEFlagUntilTimeout           0x0800300d   Thumb Code    98  stm32l1xx_hal_i2c.o(i.I2C_WaitOnRXNEFlagUntilTimeout)
    i.I2C_WaitOnTXEFlagUntilTimeout          0x0800306e   Section        0  stm32l1xx_hal_i2c.o(i.I2C_WaitOnTXEFlagUntilTimeout)
    I2C_WaitOnTXEFlagUntilTimeout            0x0800306f   Thumb Code    78  stm32l1xx_hal_i2c.o(i.I2C_WaitOnTXEFlagUntilTimeout)
    i.LSM303AGR_GetDat                       0x080030bc   Section        0  lsm303agr.o(i.LSM303AGR_GetDat)
    i.LSM303AGR_Init                         0x08003152   Section        0  lsm303agr.o(i.LSM303AGR_Init)
    i.LSM6DSL_GetDat                         0x08003180   Section        0  lsm6dsl.o(i.LSM6DSL_GetDat)
    i.LSM6DSL_Init                           0x080031fe   Section        0  lsm6dsl.o(i.LSM6DSL_Init)
    i.MX_FREERTOS_Init                       0x08003234   Section        0  freertos.o(i.MX_FREERTOS_Init)
    i.MX_GPIO_Init                           0x080032d8   Section        0  gpio.o(i.MX_GPIO_Init)
    i.MX_I2C1_Init                           0x08003378   Section        0  i2c.o(i.MX_I2C1_Init)
    i.MX_TIM3_Init                           0x080033cc   Section        0  tim.o(i.MX_TIM3_Init)
    i.MX_USART2_UART_Init                    0x08003444   Section        0  usart.o(i.MX_USART2_UART_Init)
    i.MemManage_Handler                      0x08003490   Section        0  stm32l1xx_it.o(i.MemManage_Handler)
    i.NMI_Handler                            0x08003492   Section        0  stm32l1xx_it.o(i.NMI_Handler)
    i.NVIC_SetPriority                       0x08003494   Section        0  stm32l1xx_hal_cortex.o(i.NVIC_SetPriority)
    NVIC_SetPriority                         0x08003495   Thumb Code    32  stm32l1xx_hal_cortex.o(i.NVIC_SetPriority)
    i.RCC_SetFlashLatencyFromMSIRange        0x080034b4   Section        0  stm32l1xx_hal_rcc.o(i.RCC_SetFlashLatencyFromMSIRange)
    RCC_SetFlashLatencyFromMSIRange          0x080034b5   Thumb Code   116  stm32l1xx_hal_rcc.o(i.RCC_SetFlashLatencyFromMSIRange)
    i.SensorDataStore_Read                   0x08003534   Section        0  sensordatastore.o(i.SensorDataStore_Read)
    i.SensorDataStore_Write                  0x0800367c   Section        0  sensordatastore.o(i.SensorDataStore_Write)
    i.SysTick_Handler                        0x08003724   Section        0  stm32l1xx_it.o(i.SysTick_Handler)
    i.SystemClock_Config                     0x08003728   Section        0  main.o(i.SystemClock_Config)
    i.SystemInit                             0x080037a4   Section        0  system_stm32l1xx.o(i.SystemInit)
    i.TIM2_IRQHandler                        0x080037f4   Section        0  stm32l1xx_it.o(i.TIM2_IRQHandler)
    i.TIM3_IRQHandler                        0x08003800   Section        0  stm32l1xx_it.o(i.TIM3_IRQHandler)
    i.TIM_Base_SetConfig                     0x0800380c   Section        0  stm32l1xx_hal_tim.o(i.TIM_Base_SetConfig)
    TIM_Base_SetConfig                       0x0800380d   Thumb Code   100  stm32l1xx_hal_tim.o(i.TIM_Base_SetConfig)
    i.TIM_ETR_SetConfig                      0x08003888   Section        0  stm32l1xx_hal_tim.o(i.TIM_ETR_SetConfig)
    TIM_ETR_SetConfig                        0x08003889   Thumb Code    20  stm32l1xx_hal_tim.o(i.TIM_ETR_SetConfig)
    i.TIM_ITRx_SetConfig                     0x0800389c   Section        0  stm32l1xx_hal_tim.o(i.TIM_ITRx_SetConfig)
    TIM_ITRx_SetConfig                       0x0800389d   Thumb Code    16  stm32l1xx_hal_tim.o(i.TIM_ITRx_SetConfig)
    i.TIM_TI1_ConfigInputStage               0x080038ac   Section        0  stm32l1xx_hal_tim.o(i.TIM_TI1_ConfigInputStage)
    TIM_TI1_ConfigInputStage                 0x080038ad   Thumb Code    34  stm32l1xx_hal_tim.o(i.TIM_TI1_ConfigInputStage)
    i.TIM_TI2_ConfigInputStage               0x080038ce   Section        0  stm32l1xx_hal_tim.o(i.TIM_TI2_ConfigInputStage)
    TIM_TI2_ConfigInputStage                 0x080038cf   Thumb Code    36  stm32l1xx_hal_tim.o(i.TIM_TI2_ConfigInputStage)
    i.UART_Receive_IT                        0x080038f4   Section        0  stm32l1xx_hal_uart.o(i.UART_Receive_IT)
    UART_Receive_IT                          0x080038f5   Thumb Code   168  stm32l1xx_hal_uart.o(i.UART_Receive_IT)
    i.UART_SetConfig                         0x0800399c   Section        0  stm32l1xx_hal_uart.o(i.UART_SetConfig)
    UART_SetConfig                           0x0800399d   Thumb Code   666  stm32l1xx_hal_uart.o(i.UART_SetConfig)
    i.UART_Transmit_IT                       0x08003c3c   Section        0  stm32l1xx_hal_uart.o(i.UART_Transmit_IT)
    UART_Transmit_IT                         0x08003c3d   Thumb Code   102  stm32l1xx_hal_uart.o(i.UART_Transmit_IT)
    i.UART_WaitOnFlagUntilTimeout            0x08003ca2   Section        0  stm32l1xx_hal_uart.o(i.UART_WaitOnFlagUntilTimeout)
    UART_WaitOnFlagUntilTimeout              0x08003ca3   Thumb Code   146  stm32l1xx_hal_uart.o(i.UART_WaitOnFlagUntilTimeout)
    i.USART2_IRQHandler                      0x08003d34   Section        0  stm32l1xx_it.o(i.USART2_IRQHandler)
    i.UsageFault_Handler                     0x08003e34   Section        0  stm32l1xx_it.o(i.UsageFault_Handler)
    i._Error_Handler                         0x08003e36   Section        0  main.o(i._Error_Handler)
    i.__0printf                              0x08003e38   Section        0  printfa.o(i.__0printf)
    i.__aeabi_errno_addr                     0x08003e58   Section        0  errno.o(i.__aeabi_errno_addr)
    i.__scatterload_copy                     0x08003e60   Section       14  handlers.o(i.__scatterload_copy)
    i.__scatterload_null                     0x08003e6e   Section        2  handlers.o(i.__scatterload_null)
    i.__scatterload_zeroinit                 0x08003e70   Section       14  handlers.o(i.__scatterload_zeroinit)
    i._fp_digits                             0x08003e80   Section        0  printfa.o(i._fp_digits)
    _fp_digits                               0x08003e81   Thumb Code   334  printfa.o(i._fp_digits)
    i._printf_core                           0x08003fe4   Section        0  printfa.o(i._printf_core)
    _printf_core                             0x08003fe5   Thumb Code  1744  printfa.o(i._printf_core)
    i._printf_post_padding                   0x080046c0   Section        0  printfa.o(i._printf_post_padding)
    _printf_post_padding                     0x080046c1   Thumb Code    36  printfa.o(i._printf_post_padding)
    i._printf_pre_padding                    0x080046e4   Section        0  printfa.o(i._printf_pre_padding)
    _printf_pre_padding                      0x080046e5   Thumb Code    46  printfa.o(i._printf_pre_padding)
    i.fputc                                  0x08004714   Section        0  main.o(i.fputc)
    i.inHandlerMode                          0x0800472c   Section        0  cmsis_os.o(i.inHandlerMode)
    inHandlerMode                            0x0800472d   Thumb Code    12  cmsis_os.o(i.inHandlerMode)
    i.main                                   0x08004738   Section        0  main.o(i.main)
    i.makeFreeRtosPriority                   0x08004864   Section        0  cmsis_os.o(i.makeFreeRtosPriority)
    makeFreeRtosPriority                     0x08004865   Thumb Code    12  cmsis_os.o(i.makeFreeRtosPriority)
    i.osDelay                                0x08004870   Section        0  cmsis_os.o(i.osDelay)
    i.osKernelStart                          0x0800487e   Section        0  cmsis_os.o(i.osKernelStart)
    i.osMessageCreate                        0x08004888   Section        0  cmsis_os.o(i.osMessageCreate)
    i.osMessageGet                           0x08004890   Section        0  cmsis_os.o(i.osMessageGet)
    i.osMessagePut                           0x08004928   Section        0  cmsis_os.o(i.osMessagePut)
    i.osSemaphoreCreate                      0x08004984   Section        0  cmsis_os.o(i.osSemaphoreCreate)
    i.osSemaphoreRelease                     0x080049ac   Section        0  cmsis_os.o(i.osSemaphoreRelease)
    i.osSemaphoreWait                        0x080049fc   Section        0  cmsis_os.o(i.osSemaphoreWait)
    i.osSystickHandler                       0x08004a64   Section        0  cmsis_os.o(i.osSystickHandler)
    i.osThreadCreate                         0x08004a78   Section        0  cmsis_os.o(i.osThreadCreate)
    i.prvAddCurrentTaskToDelayedList         0x08004aa8   Section        0  tasks.o(i.prvAddCurrentTaskToDelayedList)
    prvAddCurrentTaskToDelayedList           0x08004aa9   Thumb Code   102  tasks.o(i.prvAddCurrentTaskToDelayedList)
    i.prvAddNewTaskToReadyList               0x08004b18   Section        0  tasks.o(i.prvAddNewTaskToReadyList)
    prvAddNewTaskToReadyList                 0x08004b19   Thumb Code   194  tasks.o(i.prvAddNewTaskToReadyList)
    i.prvCheckTasksWaitingTermination        0x08004be8   Section        0  tasks.o(i.prvCheckTasksWaitingTermination)
    prvCheckTasksWaitingTermination          0x08004be9   Thumb Code    70  tasks.o(i.prvCheckTasksWaitingTermination)
    i.prvCopyDataFromQueue                   0x08004c38   Section        0  queue.o(i.prvCopyDataFromQueue)
    prvCopyDataFromQueue                     0x08004c39   Thumb Code    38  queue.o(i.prvCopyDataFromQueue)
    i.prvCopyDataToQueue                     0x08004c5e   Section        0  queue.o(i.prvCopyDataToQueue)
    prvCopyDataToQueue                       0x08004c5f   Thumb Code   108  queue.o(i.prvCopyDataToQueue)
    i.prvDeleteTCB                           0x08004cca   Section        0  tasks.o(i.prvDeleteTCB)
    prvDeleteTCB                             0x08004ccb   Thumb Code    20  tasks.o(i.prvDeleteTCB)
    i.prvHeapInit                            0x08004ce0   Section        0  heap_4.o(i.prvHeapInit)
    prvHeapInit                              0x08004ce1   Thumb Code    66  heap_4.o(i.prvHeapInit)
    i.prvIdleTask                            0x08004d2c   Section        0  tasks.o(i.prvIdleTask)
    prvIdleTask                              0x08004d2d   Thumb Code    30  tasks.o(i.prvIdleTask)
    i.prvInitialiseNewTask                   0x08004d54   Section        0  tasks.o(i.prvInitialiseNewTask)
    prvInitialiseNewTask                     0x08004d55   Thumb Code   142  tasks.o(i.prvInitialiseNewTask)
    i.prvInsertBlockIntoFreeList             0x08004de4   Section        0  heap_4.o(i.prvInsertBlockIntoFreeList)
    prvInsertBlockIntoFreeList               0x08004de5   Thumb Code    72  heap_4.o(i.prvInsertBlockIntoFreeList)
    i.prvIsQueueEmpty                        0x08004e30   Section        0  queue.o(i.prvIsQueueEmpty)
    prvIsQueueEmpty                          0x08004e31   Thumb Code    28  queue.o(i.prvIsQueueEmpty)
    i.prvResetNextTaskUnblockTime            0x08004e4c   Section        0  tasks.o(i.prvResetNextTaskUnblockTime)
    prvResetNextTaskUnblockTime              0x08004e4d   Thumb Code    26  tasks.o(i.prvResetNextTaskUnblockTime)
    i.prvTaskExitError                       0x08004e6c   Section        0  port.o(i.prvTaskExitError)
    prvTaskExitError                         0x08004e6d   Thumb Code    36  port.o(i.prvTaskExitError)
    i.prvUnlockQueue                         0x08004e94   Section        0  queue.o(i.prvUnlockQueue)
    prvUnlockQueue                           0x08004e95   Thumb Code   106  queue.o(i.prvUnlockQueue)
    i.pvPortMalloc                           0x08004f00   Section        0  heap_4.o(i.pvPortMalloc)
    i.pvTaskIncrementMutexHeldCount          0x08004fd8   Section        0  tasks.o(i.pvTaskIncrementMutexHeldCount)
    i.pxPortInitialiseStack                  0x08004ff0   Section        0  port.o(i.pxPortInitialiseStack)
    i.uxListRemove                           0x08005014   Section        0  list.o(i.uxListRemove)
    i.vListInitialise                        0x08005038   Section        0  list.o(i.vListInitialise)
    i.vListInitialiseItem                    0x0800504e   Section        0  list.o(i.vListInitialiseItem)
    i.vListInsert                            0x08005054   Section        0  list.o(i.vListInsert)
    i.vListInsertEnd                         0x08005084   Section        0  list.o(i.vListInsertEnd)
    i.vPortEnterCritical                     0x0800509c   Section        0  port.o(i.vPortEnterCritical)
    i.vPortExitCritical                      0x080050dc   Section        0  port.o(i.vPortExitCritical)
    i.vPortFree                              0x08005104   Section        0  heap_4.o(i.vPortFree)
    i.vPortSetupTimerInterrupt               0x08005160   Section        0  port.o(i.vPortSetupTimerInterrupt)
    i.vPortValidateInterruptPriority         0x08005180   Section        0  port.o(i.vPortValidateInterruptPriority)
    i.vTaskDelay                             0x080051d4   Section        0  tasks.o(i.vTaskDelay)
    i.vTaskMissedYield                       0x08005220   Section        0  tasks.o(i.vTaskMissedYield)
    i.vTaskPlaceOnEventList                  0x0800522c   Section        0  tasks.o(i.vTaskPlaceOnEventList)
    i.vTaskPriorityInherit                   0x0800525c   Section        0  tasks.o(i.vTaskPriorityInherit)
    i.vTaskSetTimeOutState                   0x080052e0   Section        0  tasks.o(i.vTaskSetTimeOutState)
    i.vTaskStartScheduler                    0x08005304   Section        0  tasks.o(i.vTaskStartScheduler)
    i.vTaskSuspendAll                        0x0800536c   Section        0  tasks.o(i.vTaskSuspendAll)
    i.vTaskSwitchContext                     0x0800537c   Section        0  tasks.o(i.vTaskSwitchContext)
    i.xPortStartScheduler                    0x080053d8   Section        0  port.o(i.xPortStartScheduler)
    i.xPortSysTickHandler                    0x0800544c   Section        0  port.o(i.xPortSysTickHandler)
    i.xQueueGenericCreate                    0x08005478   Section        0  queue.o(i.xQueueGenericCreate)
    i.xQueueGenericReceive                   0x080054c0   Section        0  queue.o(i.xQueueGenericReceive)
    i.xQueueGenericReset                     0x0800562c   Section        0  queue.o(i.xQueueGenericReset)
    i.xQueueGenericSend                      0x080056b4   Section        0  queue.o(i.xQueueGenericSend)
    i.xQueueGenericSendFromISR               0x08005814   Section        0  queue.o(i.xQueueGenericSendFromISR)
    i.xQueueGiveFromISR                      0x080058d0   Section        0  queue.o(i.xQueueGiveFromISR)
    i.xQueueReceiveFromISR                   0x0800596c   Section        0  queue.o(i.xQueueReceiveFromISR)
    i.xTaskCheckForTimeOut                   0x08005a08   Section        0  tasks.o(i.xTaskCheckForTimeOut)
    i.xTaskCreate                            0x08005a74   Section        0  tasks.o(i.xTaskCreate)
    i.xTaskGetSchedulerState                 0x08005acc   Section        0  tasks.o(i.xTaskGetSchedulerState)
    i.xTaskIncrementTick                     0x08005ae8   Section        0  tasks.o(i.xTaskIncrementTick)
    i.xTaskPriorityDisinherit                0x08005bb0   Section        0  tasks.o(i.xTaskPriorityDisinherit)
    i.xTaskRemoveFromEventList               0x08005c48   Section        0  tasks.o(i.xTaskRemoveFromEventList)
    i.xTaskResumeAll                         0x08005cbc   Section        0  tasks.o(i.xTaskResumeAll)
    .constdata                               0x08005d80   Section       68  freertos.o(.constdata)
    .constdata                               0x08005dc4   Section       25  system_stm32l1xx.o(.constdata)
    .constdata                               0x08005ddd   Section        8  system_stm32l1xx.o(.constdata)
    .constdata                               0x08005de5   Section      129  ctype_o.o(.constdata)
    .constdata                               0x08005e68   Section        4  ctype_o.o(.constdata)
    table                                    0x08005e68   Data           4  ctype_o.o(.constdata)
    .conststring                             0x08005e6c   Section       42  freertos.o(.conststring)
    .data                                    0x20000000   Section        1  main.o(.data)
    .data                                    0x20000004   Section       28  freertos.o(.data)
    s_user_req_cnt                           0x20000004   Data           1  freertos.o(.data)
    s_write_cnt                              0x20000006   Data           2  freertos.o(.data)
    s_write_addr_offset                      0x20000008   Data           4  freertos.o(.data)
    .data                                    0x20000020   Section        3  stm32l1xx_it.o(.data)
    s_rxcnt                                  0x20000020   Data           1  stm32l1xx_it.o(.data)
    s_temp_rx                                0x20000021   Data           2  stm32l1xx_it.o(.data)
    .data                                    0x20000024   Section        4  stm32l1xx_hal.o(.data)
    .data                                    0x20000028   Section        4  system_stm32l1xx.o(.data)
    .data                                    0x2000002c   Section       24  heap_4.o(.data)
    pxEnd                                    0x2000002c   Data           4  heap_4.o(.data)
    xFreeBytesRemaining                      0x20000030   Data           4  heap_4.o(.data)
    xMinimumEverFreeBytesRemaining           0x20000034   Data           4  heap_4.o(.data)
    xBlockAllocatedBit                       0x20000038   Data           4  heap_4.o(.data)
    xStart                                   0x2000003c   Data           8  heap_4.o(.data)
    .data                                    0x20000044   Section       12  port.o(.data)
    ucMaxSysCallPriority                     0x20000044   Data           1  port.o(.data)
    uxCriticalNesting                        0x20000048   Data           4  port.o(.data)
    ulMaxPRIGROUPValue                       0x2000004c   Data           4  port.o(.data)
    .data                                    0x20000050   Section       60  tasks.o(.data)
    uxDeletedTasksWaitingCleanUp             0x20000054   Data           4  tasks.o(.data)
    uxCurrentNumberOfTasks                   0x20000058   Data           4  tasks.o(.data)
    xTickCount                               0x2000005c   Data           4  tasks.o(.data)
    uxTopReadyPriority                       0x20000060   Data           4  tasks.o(.data)
    xSchedulerRunning                        0x20000064   Data           4  tasks.o(.data)
    uxPendedTicks                            0x20000068   Data           4  tasks.o(.data)
    xYieldPending                            0x2000006c   Data           4  tasks.o(.data)
    xNumOfOverflows                          0x20000070   Data           4  tasks.o(.data)
    uxTaskNumber                             0x20000074   Data           4  tasks.o(.data)
    xNextTaskUnblockTime                     0x20000078   Data           4  tasks.o(.data)
    xIdleTaskHandle                          0x2000007c   Data           4  tasks.o(.data)
    uxSchedulerSuspended                     0x20000080   Data           4  tasks.o(.data)
    pxDelayedTaskList                        0x20000084   Data           4  tasks.o(.data)
    pxOverflowDelayedTaskList                0x20000088   Data           4  tasks.o(.data)
    .data                                    0x2000008c   Section        4  lsm6dsl.o(.data)
    .data                                    0x20000090   Section        4  lsm303agr.o(.data)
    .data                                    0x20000094   Section        4  stdout.o(.data)
    .data                                    0x20000098   Section        4  errno.o(.data)
    _errno                                   0x20000098   Data           4  errno.o(.data)
    .bss                                     0x2000009c   Section       84  i2c.o(.bss)
    .bss                                     0x200000f0   Section       56  tim.o(.bss)
    .bss                                     0x20000128   Section       64  usart.o(.bss)
    .bss                                     0x20000168   Section       20  stm32l1xx_it.o(.bss)
    s_rx_buff                                0x20000168   Data          20  stm32l1xx_it.o(.bss)
    .bss                                     0x2000017c   Section       56  stm32l1xx_hal_timebase_tim.o(.bss)
    .bss                                     0x200001b4   Section       24  stm32l1xx_hal_flash.o(.bss)
    .bss                                     0x200001cc   Section     3072  heap_4.o(.bss)
    ucHeap                                   0x200001cc   Data        3072  heap_4.o(.bss)
    .bss                                     0x20000dcc   Section      240  tasks.o(.bss)
    pxReadyTasksLists                        0x20000dcc   Data         140  tasks.o(.bss)
    xDelayedTaskList1                        0x20000e58   Data          20  tasks.o(.bss)
    xDelayedTaskList2                        0x20000e6c   Data          20  tasks.o(.bss)
    xPendingReadyList                        0x20000e80   Data          20  tasks.o(.bss)
    xTasksWaitingTermination                 0x20000e94   Data          20  tasks.o(.bss)
    xSuspendedTaskList                       0x20000ea8   Data          20  tasks.o(.bss)
    STACK                                    0x20000ec0   Section     1024  startup_stm32l152xe.o(STACK)

    Global Symbols

    Symbol Name                              Value     Ov Type        Size  Object(Section)

    BuildAttributes$$THM_ISAv4$P$D$K$B$S$PE$A:L22UL41UL21$X:L11$S22US41US21$IEEE1$IW$USESV6$~STKCKD$USESV7$~SHL$OTIME$ROPI$EBA8$MICROLIB$REQ8$PRES8$EABIv2 0x00000000   Number         0  anon$$obj.o ABSOLUTE
    __ARM_use_no_argv                        0x00000000   Number         0  main.o ABSOLUTE
    _printf_a                                0x00000000   Number         0  stubs.o ABSOLUTE
    _printf_c                                0x00000000   Number         0  stubs.o ABSOLUTE
    _printf_charcount                        0x00000000   Number         0  stubs.o ABSOLUTE
    _printf_d                                0x00000000   Number         0  stubs.o ABSOLUTE
    _printf_e                                0x00000000   Number         0  stubs.o ABSOLUTE
    _printf_f                                0x00000000   Number         0  stubs.o ABSOLUTE
    _printf_flags                            0x00000000   Number         0  stubs.o ABSOLUTE
    _printf_fp_dec                           0x00000000   Number         0  stubs.o ABSOLUTE
    _printf_fp_hex                           0x00000000   Number         0  stubs.o ABSOLUTE
    _printf_g                                0x00000000   Number         0  stubs.o ABSOLUTE
    _printf_i                                0x00000000   Number         0  stubs.o ABSOLUTE
    _printf_int_dec                          0x00000000   Number         0  stubs.o ABSOLUTE
    _printf_l                                0x00000000   Number         0  stubs.o ABSOLUTE
    _printf_lc                               0x00000000   Number         0  stubs.o ABSOLUTE
    _printf_ll                               0x00000000   Number         0  stubs.o ABSOLUTE
    _printf_lld                              0x00000000   Number         0  stubs.o ABSOLUTE
    _printf_lli                              0x00000000   Number         0  stubs.o ABSOLUTE
    _printf_llo                              0x00000000   Number         0  stubs.o ABSOLUTE
    _printf_llu                              0x00000000   Number         0  stubs.o ABSOLUTE
    _printf_llx                              0x00000000   Number         0  stubs.o ABSOLUTE
    _printf_longlong_dec                     0x00000000   Number         0  stubs.o ABSOLUTE
    _printf_longlong_hex                     0x00000000   Number         0  stubs.o ABSOLUTE
    _printf_longlong_oct                     0x00000000   Number         0  stubs.o ABSOLUTE
    _printf_ls                               0x00000000   Number         0  stubs.o ABSOLUTE
    _printf_mbtowc                           0x00000000   Number         0  stubs.o ABSOLUTE
    _printf_n                                0x00000000   Number         0  stubs.o ABSOLUTE
    _printf_o                                0x00000000   Number         0  stubs.o ABSOLUTE
    _printf_p                                0x00000000   Number         0  stubs.o ABSOLUTE
    _printf_percent                          0x00000000   Number         0  stubs.o ABSOLUTE
    _printf_pre_padding                      0x00000000   Number         0  stubs.o ABSOLUTE
    _printf_return_value                     0x00000000   Number         0  stubs.o ABSOLUTE
    _printf_s                                0x00000000   Number         0  stubs.o ABSOLUTE
    _printf_sizespec                         0x00000000   Number         0  stubs.o ABSOLUTE
    _printf_str                              0x00000000   Number         0  stubs.o ABSOLUTE
    _printf_truncate_signed                  0x00000000   Number         0  stubs.o ABSOLUTE
    _printf_truncate_unsigned                0x00000000   Number         0  stubs.o ABSOLUTE
    _printf_u                                0x00000000   Number         0  stubs.o ABSOLUTE
    _printf_wc                               0x00000000   Number         0  stubs.o ABSOLUTE
    _printf_wctomb                           0x00000000   Number         0  stubs.o ABSOLUTE
    _printf_widthprec                        0x00000000   Number         0  stubs.o ABSOLUTE
    _printf_x                                0x00000000   Number         0  stubs.o ABSOLUTE
    __cpp_initialize__aeabi_                  - Undefined Weak Reference
    __cxa_finalize                            - Undefined Weak Reference
    __decompress                              - Undefined Weak Reference
    _clock_init                               - Undefined Weak Reference
    _microlib_exit                            - Undefined Weak Reference
    __Vectors_Size                           0x00000124   Number         0  startup_stm32l152xe.o ABSOLUTE
    __Vectors                                0x08000000   Data           4  startup_stm32l152xe.o(RESET)
    __Vectors_End                            0x08000124   Data           0  startup_stm32l152xe.o(RESET)
    __main                                   0x08000125   Thumb Code     0  entry.o(.ARM.Collect$$$$00000000)
    _main_stk                                0x08000125   Thumb Code     0  entry2.o(.ARM.Collect$$$$00000001)
    _main_scatterload                        0x08000129   Thumb Code     0  entry5.o(.ARM.Collect$$$$00000004)
    __main_after_scatterload                 0x0800012d   Thumb Code     0  entry5.o(.ARM.Collect$$$$00000004)
    _main_clock                              0x0800012d   Thumb Code     0  entry7b.o(.ARM.Collect$$$$00000008)
    _main_cpp_init                           0x0800012d   Thumb Code     0  entry8b.o(.ARM.Collect$$$$0000000A)
    _main_init                               0x0800012d   Thumb Code     0  entry9a.o(.ARM.Collect$$$$0000000B)
    __rt_final_cpp                           0x08000135   Thumb Code     0  entry10a.o(.ARM.Collect$$$$0000000D)
    __rt_final_exit                          0x08000135   Thumb Code     0  entry11a.o(.ARM.Collect$$$$0000000F)
    SVC_Handler                              0x08000139   Thumb Code    32  port.o(.emb_text)
    __asm___6_port_c_39a90d8d__prvStartFirstTask 0x0800015d   Thumb Code    28  port.o(.emb_text)
    PendSV_Handler                           0x0800017d   Thumb Code    72  port.o(.emb_text)
    vPortGetIPSR                             0x080001c9   Thumb Code     6  port.o(.emb_text)
    Reset_Handler                            0x080001d1   Thumb Code     8  startup_stm32l152xe.o(.text)
    ADC1_IRQHandler                          0x080001eb   Thumb Code     0  startup_stm32l152xe.o(.text)
    COMP_ACQ_IRQHandler                      0x080001eb   Thumb Code     0  startup_stm32l152xe.o(.text)
    COMP_IRQHandler                          0x080001eb   Thumb Code     0  startup_stm32l152xe.o(.text)
    DAC_IRQHandler                           0x080001eb   Thumb Code     0  startup_stm32l152xe.o(.text)
    DMA1_Channel1_IRQHandler                 0x080001eb   Thumb Code     0  startup_stm32l152xe.o(.text)
    DMA1_Channel2_IRQHandler                 0x080001eb   Thumb Code     0  startup_stm32l152xe.o(.text)
    DMA1_Channel3_IRQHandler                 0x080001eb   Thumb Code     0  startup_stm32l152xe.o(.text)
    DMA1_Channel4_IRQHandler                 0x080001eb   Thumb Code     0  startup_stm32l152xe.o(.text)
    DMA1_Channel5_IRQHandler                 0x080001eb   Thumb Code     0  startup_stm32l152xe.o(.text)
    DMA1_Channel6_IRQHandler                 0x080001eb   Thumb Code     0  startup_stm32l152xe.o(.text)
    DMA1_Channel7_IRQHandler                 0x080001eb   Thumb Code     0  startup_stm32l152xe.o(.text)
    DMA2_Channel1_IRQHandler                 0x080001eb   Thumb Code     0  startup_stm32l152xe.o(.text)
    DMA2_Channel2_IRQHandler                 0x080001eb   Thumb Code     0  startup_stm32l152xe.o(.text)
    DMA2_Channel3_IRQHandler                 0x080001eb   Thumb Code     0  startup_stm32l152xe.o(.text)
    DMA2_Channel4_IRQHandler                 0x080001eb   Thumb Code     0  startup_stm32l152xe.o(.text)
    DMA2_Channel5_IRQHandler                 0x080001eb   Thumb Code     0  startup_stm32l152xe.o(.text)
    EXTI0_IRQHandler                         0x080001eb   Thumb Code     0  startup_stm32l152xe.o(.text)
    EXTI1_IRQHandler                         0x080001eb   Thumb Code     0  startup_stm32l152xe.o(.text)
    EXTI2_IRQHandler                         0x080001eb   Thumb Code     0  startup_stm32l152xe.o(.text)
    EXTI3_IRQHandler                         0x080001eb   Thumb Code     0  startup_stm32l152xe.o(.text)
    EXTI4_IRQHandler                         0x080001eb   Thumb Code     0  startup_stm32l152xe.o(.text)
    EXTI9_5_IRQHandler                       0x080001eb   Thumb Code     0  startup_stm32l152xe.o(.text)
    FLASH_IRQHandler                         0x080001eb   Thumb Code     0  startup_stm32l152xe.o(.text)
    I2C1_ER_IRQHandler                       0x080001eb   Thumb Code     0  startup_stm32l152xe.o(.text)
    I2C1_EV_IRQHandler                       0x080001eb   Thumb Code     0  startup_stm32l152xe.o(.text)
    I2C2_ER_IRQHandler                       0x080001eb   Thumb Code     0  startup_stm32l152xe.o(.text)
    I2C2_EV_IRQHandler                       0x080001eb   Thumb Code     0  startup_stm32l152xe.o(.text)
    LCD_IRQHandler                           0x080001eb   Thumb Code     0  startup_stm32l152xe.o(.text)
    PVD_IRQHandler                           0x080001eb   Thumb Code     0  startup_stm32l152xe.o(.text)
    RCC_IRQHandler                           0x080001eb   Thumb Code     0  startup_stm32l152xe.o(.text)
    RTC_Alarm_IRQHandler                     0x080001eb   Thumb Code     0  startup_stm32l152xe.o(.text)
    RTC_WKUP_IRQHandler                      0x080001eb   Thumb Code     0  startup_stm32l152xe.o(.text)
    SPI1_IRQHandler                          0x080001eb   Thumb Code     0  startup_stm32l152xe.o(.text)
    SPI2_IRQHandler                          0x080001eb   Thumb Code     0  startup_stm32l152xe.o(.text)
    SPI3_IRQHandler                          0x080001eb   Thumb Code     0  startup_stm32l152xe.o(.text)
    TAMPER_STAMP_IRQHandler                  0x080001eb   Thumb Code     0  startup_stm32l152xe.o(.text)
    TIM10_IRQHandler                         0x080001eb   Thumb Code     0  startup_stm32l152xe.o(.text)
    TIM11_IRQHandler                         0x080001eb   Thumb Code     0  startup_stm32l152xe.o(.text)
    TIM4_IRQHandler                          0x080001eb   Thumb Code     0  startup_stm32l152xe.o(.text)
    TIM5_IRQHandler                          0x080001eb   Thumb Code     0  startup_stm32l152xe.o(.text)
    TIM6_IRQHandler                          0x080001eb   Thumb Code     0  startup_stm32l152xe.o(.text)
    TIM7_IRQHandler                          0x080001eb   Thumb Code     0  startup_stm32l152xe.o(.text)
    TIM9_IRQHandler                          0x080001eb   Thumb Code     0  startup_stm32l152xe.o(.text)
    UART4_IRQHandler                         0x080001eb   Thumb Code     0  startup_stm32l152xe.o(.text)
    UART5_IRQHandler                         0x080001eb   Thumb Code     0  startup_stm32l152xe.o(.text)
    USART1_IRQHandler                        0x080001eb   Thumb Code     0  startup_stm32l152xe.o(.text)
    USART3_IRQHandler                        0x080001eb   Thumb Code     0  startup_stm32l152xe.o(.text)
    USB_FS_WKUP_IRQHandler                   0x080001eb   Thumb Code     0  startup_stm32l152xe.o(.text)
    USB_HP_IRQHandler                        0x080001eb   Thumb Code     0  startup_stm32l152xe.o(.text)
    USB_LP_IRQHandler                        0x080001eb   Thumb Code     0  startup_stm32l152xe.o(.text)
    WWDG_IRQHandler                          0x080001eb   Thumb Code     0  startup_stm32l152xe.o(.text)
    __aeabi_memcpy                           0x080001f5   Thumb Code    36  memcpya.o(.text)
    __aeabi_memcpy4                          0x080001f5   Thumb Code     0  memcpya.o(.text)
    __aeabi_memcpy8                          0x080001f5   Thumb Code     0  memcpya.o(.text)
    __aeabi_memset                           0x08000219   Thumb Code    14  memseta.o(.text)
    __aeabi_memset4                          0x08000219   Thumb Code     0  memseta.o(.text)
    __aeabi_memset8                          0x08000219   Thumb Code     0  memseta.o(.text)
    __aeabi_memclr                           0x08000227   Thumb Code     4  memseta.o(.text)
    __aeabi_memclr4                          0x08000227   Thumb Code     0  memseta.o(.text)
    __aeabi_memclr8                          0x08000227   Thumb Code     0  memseta.o(.text)
    _memset$wrapper                          0x0800022b   Thumb Code    18  memseta.o(.text)
    strlen                                   0x0800023d   Thumb Code    14  strlen.o(.text)
    strcmp                                   0x0800024b   Thumb Code    28  strcmp.o(.text)
    strspn                                   0x08000267   Thumb Code    28  strspn.o(.text)
    atoi                                     0x08000283   Thumb Code    26  atoi.o(.text)
    __ARM_scalbnf                            0x0800029d   Thumb Code    24  fscalb.o(.text)
    scalbnf                                  0x0800029d   Thumb Code     0  fscalb.o(.text)
    __aeabi_ui2f                             0x080002b5   Thumb Code    10  ffltui.o(.text)
    __aeabi_f2d                              0x080002bf   Thumb Code    38  f2d.o(.text)
    __aeabi_uidiv                            0x080002e5   Thumb Code     0  uidiv.o(.text)
    __aeabi_uidivmod                         0x080002e5   Thumb Code    44  uidiv.o(.text)
    __aeabi_uldivmod                         0x08000311   Thumb Code    98  uldiv.o(.text)
    strtol                                   0x08000373   Thumb Code   112  strtol.o(.text)
    __I$use$fp                               0x080003e3   Thumb Code     0  iusefp.o(.text)
    _float_round                             0x080003e3   Thumb Code    18  fepilogue.o(.text)
    _float_epilogue                          0x080003f5   Thumb Code    92  fepilogue.o(.text)
    __aeabi_dadd                             0x08000451   Thumb Code   322  dadd.o(.text)
    __aeabi_dsub                             0x08000593   Thumb Code     6  dadd.o(.text)
    __aeabi_drsub                            0x08000599   Thumb Code     6  dadd.o(.text)
    __aeabi_dmul                             0x0800059f   Thumb Code   228  dmul.o(.text)
    __aeabi_ddiv                             0x08000683   Thumb Code   222  ddiv.o(.text)
    __aeabi_d2ulz                            0x08000761   Thumb Code    48  dfixul.o(.text)
    __aeabi_cdrcmple                         0x08000791   Thumb Code    48  cdrcmple.o(.text)
    __scatterload                            0x080007c1   Thumb Code    28  init.o(.text)
    __scatterload_rt2                        0x080007c1   Thumb Code     0  init.o(.text)
    __aeabi_llsl                             0x080007e5   Thumb Code    30  llshl.o(.text)
    _ll_shift_l                              0x080007e5   Thumb Code     0  llshl.o(.text)
    __aeabi_llsr                             0x08000803   Thumb Code    32  llushr.o(.text)
    _ll_ushift_r                             0x08000803   Thumb Code     0  llushr.o(.text)
    __aeabi_lasr                             0x08000823   Thumb Code    36  llsshr.o(.text)
    _ll_sshift_r                             0x08000823   Thumb Code     0  llsshr.o(.text)
    __rt_ctype_table                         0x08000849   Thumb Code     4  ctype_o.o(.text)
    _strtoul                                 0x08000851   Thumb Code   158  _strtoul.o(.text)
    _double_round                            0x080008ef   Thumb Code    30  depilogue.o(.text)
    _double_epilogue                         0x0800090d   Thumb Code   156  depilogue.o(.text)
    _chval                                   0x080009a9   Thumb Code    28  _chval.o(.text)
    BusFault_Handler                         0x080009c5   Thumb Code     2  stm32l1xx_it.o(i.BusFault_Handler)
    DebugMon_Handler                         0x080009c7   Thumb Code     2  stm32l1xx_it.o(i.DebugMon_Handler)
    EXTI15_10_IRQHandler                     0x080009c9   Thumb Code     8  stm32l1xx_it.o(i.EXTI15_10_IRQHandler)
    FLASH_PageErase                          0x080009d1   Thumb Code    32  stm32l1xx_hal_flash_ex.o(i.FLASH_PageErase)
    FLASH_WaitForLastOperation               0x08000a51   Thumb Code    86  stm32l1xx_hal_flash.o(i.FLASH_WaitForLastOperation)
    Func_Led_Flashing                        0x08000aad   Thumb Code    22  freertos.o(i.Func_Led_Flashing)
    Func_Sensor_Data_Acquiring_Saving        0x08000ac9   Thumb Code   178  freertos.o(i.Func_Sensor_Data_Acquiring_Saving)
    Func_User_Cmd_Processing                 0x08000b9d   Thumb Code   280  freertos.o(i.Func_User_Cmd_Processing)
    HAL_FLASHEx_Erase                        0x08000eb1   Thumb Code   120  stm32l1xx_hal_flash_ex.o(i.HAL_FLASHEx_Erase)
    HAL_FLASH_Lock                           0x08000f31   Thumb Code    14  stm32l1xx_hal_flash.o(i.HAL_FLASH_Lock)
    HAL_FLASH_Program                        0x08000f45   Thumb Code    56  stm32l1xx_hal_flash.o(i.HAL_FLASH_Program)
    HAL_FLASH_Unlock                         0x08000f81   Thumb Code    46  stm32l1xx_hal_flash.o(i.HAL_FLASH_Unlock)
    HAL_GPIO_DeInit                          0x08000fc5   Thumb Code   290  stm32l1xx_hal_gpio.o(i.HAL_GPIO_DeInit)
    HAL_GPIO_EXTI_Callback                   0x0800110d   Thumb Code    58  main.o(i.HAL_GPIO_EXTI_Callback)
    HAL_GPIO_EXTI_IRQHandler                 0x08001185   Thumb Code    18  stm32l1xx_hal_gpio.o(i.HAL_GPIO_EXTI_IRQHandler)
    HAL_GPIO_Init                            0x0800119d   Thumb Code   392  stm32l1xx_hal_gpio.o(i.HAL_GPIO_Init)
    HAL_GPIO_TogglePin                       0x0800134d   Thumb Code     8  stm32l1xx_hal_gpio.o(i.HAL_GPIO_TogglePin)
    HAL_GPIO_WritePin                        0x08001355   Thumb Code    10  stm32l1xx_hal_gpio.o(i.HAL_GPIO_WritePin)
    HAL_GetTick                              0x08001361   Thumb Code     6  stm32l1xx_hal.o(i.HAL_GetTick)
    HAL_I2C_DeInit                           0x0800136d   Thumb Code    50  stm32l1xx_hal_i2c.o(i.HAL_I2C_DeInit)
    HAL_I2C_Init                             0x080013a1   Thumb Code   312  stm32l1xx_hal_i2c.o(i.HAL_I2C_Init)
    HAL_I2C_Mem_Read                         0x080014e5   Thumb Code   558  stm32l1xx_hal_i2c.o(i.HAL_I2C_Mem_Read)
    HAL_I2C_Mem_Write                        0x0800171d   Thumb Code   320  stm32l1xx_hal_i2c.o(i.HAL_I2C_Mem_Write)
    HAL_I2C_MspDeInit                        0x08001861   Thumb Code    30  i2c.o(i.HAL_I2C_MspDeInit)
    HAL_I2C_MspInit                          0x0800188d   Thumb Code    64  i2c.o(i.HAL_I2C_MspInit)
    HAL_IncTick                              0x080018d9   Thumb Code    10  stm32l1xx_hal.o(i.HAL_IncTick)
    HAL_Init                                 0x080018e9   Thumb Code    22  stm32l1xx_hal.o(i.HAL_Init)
    HAL_InitTick                             0x08001901   Thumb Code   100  stm32l1xx_hal_timebase_tim.o(i.HAL_InitTick)
    HAL_MspInit                              0x08001971   Thumb Code   140  stm32l1xx_hal_msp.o(i.HAL_MspInit)
    HAL_NVIC_EnableIRQ                       0x08001a01   Thumb Code    22  stm32l1xx_hal_cortex.o(i.HAL_NVIC_EnableIRQ)
    HAL_NVIC_SetPriority                     0x08001a19   Thumb Code    60  stm32l1xx_hal_cortex.o(i.HAL_NVIC_SetPriority)
    HAL_NVIC_SetPriorityGrouping             0x08001a59   Thumb Code    26  stm32l1xx_hal_cortex.o(i.HAL_NVIC_SetPriorityGrouping)
    HAL_RCC_ClockConfig                      0x08001a7d   Thumb Code   450  stm32l1xx_hal_rcc.o(i.HAL_RCC_ClockConfig)
    HAL_RCC_GetClockConfig                   0x08001c51   Thumb Code    54  stm32l1xx_hal_rcc.o(i.HAL_RCC_GetClockConfig)
    HAL_RCC_GetHCLKFreq                      0x08001c91   Thumb Code     6  stm32l1xx_hal_rcc.o(i.HAL_RCC_GetHCLKFreq)
    HAL_RCC_GetPCLK1Freq                     0x08001c9d   Thumb Code    34  stm32l1xx_hal_rcc.o(i.HAL_RCC_GetPCLK1Freq)
    HAL_RCC_GetPCLK2Freq                     0x08001ccd   Thumb Code    34  stm32l1xx_hal_rcc.o(i.HAL_RCC_GetPCLK2Freq)
    HAL_RCC_GetSysClockFreq                  0x08001cfd   Thumb Code   122  stm32l1xx_hal_rcc.o(i.HAL_RCC_GetSysClockFreq)
    HAL_RCC_OscConfig                        0x08001d89   Thumb Code  1860  stm32l1xx_hal_rcc.o(i.HAL_RCC_OscConfig)
    HAL_SYSTICK_CLKSourceConfig              0x080024d9   Thumb Code    24  stm32l1xx_hal_cortex.o(i.HAL_SYSTICK_CLKSourceConfig)
    HAL_SYSTICK_Config                       0x080024f1   Thumb Code    40  stm32l1xx_hal_cortex.o(i.HAL_SYSTICK_Config)
    HAL_TIMEx_MasterConfigSynchronization    0x08002519   Thumb Code    80  stm32l1xx_hal_tim_ex.o(i.HAL_TIMEx_MasterConfigSynchronization)
    HAL_TIM_Base_Init                        0x08002569   Thumb Code    54  stm32l1xx_hal_tim.o(i.HAL_TIM_Base_Init)
    HAL_TIM_Base_MspInit                     0x080025a1   Thumb Code    50  tim.o(i.HAL_TIM_Base_MspInit)
    HAL_TIM_Base_Start_IT                    0x080025dd   Thumb Code    24  stm32l1xx_hal_tim.o(i.HAL_TIM_Base_Start_IT)
    HAL_TIM_Base_Stop_IT                     0x080025f5   Thumb Code    34  stm32l1xx_hal_tim.o(i.HAL_TIM_Base_Stop_IT)
    HAL_TIM_ConfigClockSource                0x08002617   Thumb Code   242  stm32l1xx_hal_tim.o(i.HAL_TIM_ConfigClockSource)
    HAL_TIM_IC_CaptureCallback               0x08002709   Thumb Code     2  stm32l1xx_hal_tim.o(i.HAL_TIM_IC_CaptureCallback)
    HAL_TIM_IRQHandler                       0x0800270b   Thumb Code   294  stm32l1xx_hal_tim.o(i.HAL_TIM_IRQHandler)
    HAL_TIM_OC_DelayElapsedCallback          0x08002831   Thumb Code     2  stm32l1xx_hal_tim.o(i.HAL_TIM_OC_DelayElapsedCallback)
    HAL_TIM_PWM_PulseFinishedCallback        0x08002833   Thumb Code     2  stm32l1xx_hal_tim.o(i.HAL_TIM_PWM_PulseFinishedCallback)
    HAL_TIM_PeriodElapsedCallback            0x08002835   Thumb Code    50  main.o(i.HAL_TIM_PeriodElapsedCallback)
    HAL_TIM_TriggerCallback                  0x08002885   Thumb Code     2  stm32l1xx_hal_tim.o(i.HAL_TIM_TriggerCallback)
    HAL_UART_ErrorCallback                   0x08002887   Thumb Code     2  stm32l1xx_hal_uart.o(i.HAL_UART_ErrorCallback)
    HAL_UART_GetState                        0x08002889   Thumb Code     6  stm32l1xx_hal_uart.o(i.HAL_UART_GetState)
    HAL_UART_IRQHandler                      0x08002891   Thumb Code   218  stm32l1xx_hal_uart.o(i.HAL_UART_IRQHandler)
    HAL_UART_Init                            0x0800296b   Thumb Code    94  stm32l1xx_hal_uart.o(i.HAL_UART_Init)
    HAL_UART_MspInit                         0x080029c9   Thumb Code    78  usart.o(i.HAL_UART_MspInit)
    HAL_UART_Receive                         0x08002a25   Thumb Code   204  stm32l1xx_hal_uart.o(i.HAL_UART_Receive)
    HAL_UART_RxCpltCallback                  0x08002af1   Thumb Code     2  stm32l1xx_hal_uart.o(i.HAL_UART_RxCpltCallback)
    HAL_UART_Transmit                        0x08002af5   Thumb Code   204  stm32l1xx_hal_uart.o(i.HAL_UART_Transmit)
    HAL_UART_TxCpltCallback                  0x08002bc1   Thumb Code     2  stm32l1xx_hal_uart.o(i.HAL_UART_TxCpltCallback)
    HardFault_Handler                        0x08002bc3   Thumb Code     2  stm32l1xx_it.o(i.HardFault_Handler)
    I2C_LSM303AGR_ReadData                   0x08002c35   Thumb Code    44  lsm303agr.o(i.I2C_LSM303AGR_ReadData)
    I2C_LSM303AGR_WriteData                  0x08002c69   Thumb Code    38  lsm303agr.o(i.I2C_LSM303AGR_WriteData)
    I2C_LSM6DSL_ReadData                     0x08002cdd   Thumb Code    46  lsm6dsl.o(i.I2C_LSM6DSL_ReadData)
    I2C_LSM6DSL_WriteData                    0x08002d15   Thumb Code    40  lsm6dsl.o(i.I2C_LSM6DSL_WriteData)
    LSM303AGR_GetDat                         0x080030bd   Thumb Code   150  lsm303agr.o(i.LSM303AGR_GetDat)
    LSM303AGR_Init                           0x08003153   Thumb Code    46  lsm303agr.o(i.LSM303AGR_Init)
    LSM6DSL_GetDat                           0x08003181   Thumb Code   126  lsm6dsl.o(i.LSM6DSL_GetDat)
    LSM6DSL_Init                             0x080031ff   Thumb Code    54  lsm6dsl.o(i.LSM6DSL_Init)
    MX_FREERTOS_Init                         0x08003235   Thumb Code   128  freertos.o(i.MX_FREERTOS_Init)
    MX_GPIO_Init                             0x080032d9   Thumb Code   144  gpio.o(i.MX_GPIO_Init)
    MX_I2C1_Init                             0x08003379   Thumb Code    54  i2c.o(i.MX_I2C1_Init)
    MX_TIM3_Init                             0x080033cd   Thumb Code    94  tim.o(i.MX_TIM3_Init)
    MX_USART2_UART_Init                      0x08003445   Thumb Code    52  usart.o(i.MX_USART2_UART_Init)
    MemManage_Handler                        0x08003491   Thumb Code     2  stm32l1xx_it.o(i.MemManage_Handler)
    NMI_Handler                              0x08003493   Thumb Code     2  stm32l1xx_it.o(i.NMI_Handler)
    SensorDataStore_Read                     0x08003535   Thumb Code   166  sensordatastore.o(i.SensorDataStore_Read)
    SensorDataStore_Write                    0x0800367d   Thumb Code   132  sensordatastore.o(i.SensorDataStore_Write)
    SysTick_Handler                          0x08003725   Thumb Code     4  stm32l1xx_it.o(i.SysTick_Handler)
    SystemClock_Config                       0x08003729   Thumb Code   120  main.o(i.SystemClock_Config)
    SystemInit                               0x080037a5   Thumb Code    62  system_stm32l1xx.o(i.SystemInit)
    TIM2_IRQHandler                          0x080037f5   Thumb Code     6  stm32l1xx_it.o(i.TIM2_IRQHandler)
    TIM3_IRQHandler                          0x08003801   Thumb Code     6  stm32l1xx_it.o(i.TIM3_IRQHandler)
    USART2_IRQHandler                        0x08003d35   Thumb Code   160  stm32l1xx_it.o(i.USART2_IRQHandler)
    UsageFault_Handler                       0x08003e35   Thumb Code     2  stm32l1xx_it.o(i.UsageFault_Handler)
    _Error_Handler                           0x08003e37   Thumb Code     2  main.o(i._Error_Handler)
    __0printf                                0x08003e39   Thumb Code    22  printfa.o(i.__0printf)
    __1printf                                0x08003e39   Thumb Code     0  printfa.o(i.__0printf)
    __2printf                                0x08003e39   Thumb Code     0  printfa.o(i.__0printf)
    __c89printf                              0x08003e39   Thumb Code     0  printfa.o(i.__0printf)
    printf                                   0x08003e39   Thumb Code     0  printfa.o(i.__0printf)
    __aeabi_errno_addr                       0x08003e59   Thumb Code     4  errno.o(i.__aeabi_errno_addr)
    __rt_errno_addr                          0x08003e59   Thumb Code     0  errno.o(i.__aeabi_errno_addr)
    __scatterload_copy                       0x08003e61   Thumb Code    14  handlers.o(i.__scatterload_copy)
    __scatterload_null                       0x08003e6f   Thumb Code     2  handlers.o(i.__scatterload_null)
    __scatterload_zeroinit                   0x08003e71   Thumb Code    14  handlers.o(i.__scatterload_zeroinit)
    fputc                                    0x08004715   Thumb Code    20  main.o(i.fputc)
    main                                     0x08004739   Thumb Code   124  main.o(i.main)
    osDelay                                  0x08004871   Thumb Code    14  cmsis_os.o(i.osDelay)
    osKernelStart                            0x0800487f   Thumb Code    10  cmsis_os.o(i.osKernelStart)
    osMessageCreate                          0x08004889   Thumb Code     8  cmsis_os.o(i.osMessageCreate)
    osMessageGet                             0x08004891   Thumb Code   146  cmsis_os.o(i.osMessageGet)
    osMessagePut                             0x08004929   Thumb Code    86  cmsis_os.o(i.osMessagePut)
    osSemaphoreCreate                        0x08004985   Thumb Code    38  cmsis_os.o(i.osSemaphoreCreate)
    osSemaphoreRelease                       0x080049ad   Thumb Code    74  cmsis_os.o(i.osSemaphoreRelease)
    osSemaphoreWait                          0x080049fd   Thumb Code   100  cmsis_os.o(i.osSemaphoreWait)
    osSystickHandler                         0x08004a65   Thumb Code    20  cmsis_os.o(i.osSystickHandler)
    osThreadCreate                           0x08004a79   Thumb Code    46  cmsis_os.o(i.osThreadCreate)
    pvPortMalloc                             0x08004f01   Thumb Code   210  heap_4.o(i.pvPortMalloc)
    pvTaskIncrementMutexHeldCount            0x08004fd9   Thumb Code    18  tasks.o(i.pvTaskIncrementMutexHeldCount)
    pxPortInitialiseStack                    0x08004ff1   Thumb Code    32  port.o(i.pxPortInitialiseStack)
    uxListRemove                             0x08005015   Thumb Code    36  list.o(i.uxListRemove)
    vListInitialise                          0x08005039   Thumb Code    22  list.o(i.vListInitialise)
    vListInitialiseItem                      0x0800504f   Thumb Code     6  list.o(i.vListInitialiseItem)
    vListInsert                              0x08005055   Thumb Code    48  list.o(i.vListInsert)
    vListInsertEnd                           0x08005085   Thumb Code    24  list.o(i.vListInsertEnd)
    vPortEnterCritical                       0x0800509d   Thumb Code    54  port.o(i.vPortEnterCritical)
    vPortExitCritical                        0x080050dd   Thumb Code    34  port.o(i.vPortExitCritical)
    vPortFree                                0x08005105   Thumb Code    88  heap_4.o(i.vPortFree)
    vPortSetupTimerInterrupt                 0x08005161   Thumb Code    26  port.o(i.vPortSetupTimerInterrupt)
    vPortValidateInterruptPriority           0x08005181   Thumb Code    74  port.o(i.vPortValidateInterruptPriority)
    vTaskDelay                               0x080051d5   Thumb Code    66  tasks.o(i.vTaskDelay)
    vTaskMissedYield                         0x08005221   Thumb Code     8  tasks.o(i.vTaskMissedYield)
    vTaskPlaceOnEventList                    0x0800522d   Thumb Code    44  tasks.o(i.vTaskPlaceOnEventList)
    vTaskPriorityInherit                     0x0800525d   Thumb Code   124  tasks.o(i.vTaskPriorityInherit)
    vTaskSetTimeOutState                     0x080052e1   Thumb Code    30  tasks.o(i.vTaskSetTimeOutState)
    vTaskStartScheduler                      0x08005305   Thumb Code    86  tasks.o(i.vTaskStartScheduler)
    vTaskSuspendAll                          0x0800536d   Thumb Code    10  tasks.o(i.vTaskSuspendAll)
    vTaskSwitchContext                       0x0800537d   Thumb Code    82  tasks.o(i.vTaskSwitchContext)
    xPortStartScheduler                      0x080053d9   Thumb Code   102  port.o(i.xPortStartScheduler)
    xPortSysTickHandler                      0x0800544d   Thumb Code    38  port.o(i.xPortSysTickHandler)
    xQueueGenericCreate                      0x08005479   Thumb Code    72  queue.o(i.xQueueGenericCreate)
    xQueueGenericReceive                     0x080054c1   Thumb Code   360  queue.o(i.xQueueGenericReceive)
    xQueueGenericReset                       0x0800562d   Thumb Code   132  queue.o(i.xQueueGenericReset)
    xQueueGenericSend                        0x080056b5   Thumb Code   346  queue.o(i.xQueueGenericSend)
    xQueueGenericSendFromISR                 0x08005815   Thumb Code   188  queue.o(i.xQueueGenericSendFromISR)
    xQueueGiveFromISR                        0x080058d1   Thumb Code   156  queue.o(i.xQueueGiveFromISR)
    xQueueReceiveFromISR                     0x0800596d   Thumb Code   154  queue.o(i.xQueueReceiveFromISR)
    xTaskCheckForTimeOut                     0x08005a09   Thumb Code   102  tasks.o(i.xTaskCheckForTimeOut)
    xTaskCreate                              0x08005a75   Thumb Code    86  tasks.o(i.xTaskCreate)
    xTaskGetSchedulerState                   0x08005acd   Thumb Code    22  tasks.o(i.xTaskGetSchedulerState)
    xTaskIncrementTick                       0x08005ae9   Thumb Code   192  tasks.o(i.xTaskIncrementTick)
    xTaskPriorityDisinherit                  0x08005bb1   Thumb Code   144  tasks.o(i.xTaskPriorityDisinherit)
    xTaskRemoveFromEventList                 0x08005c49   Thumb Code   108  tasks.o(i.xTaskRemoveFromEventList)
    xTaskResumeAll                           0x08005cbd   Thumb Code   182  tasks.o(i.xTaskResumeAll)
    PLLMulTable                              0x08005dc4   Data           9  system_stm32l1xx.o(.constdata)
    AHBPrescTable                            0x08005dcd   Data          16  system_stm32l1xx.o(.constdata)
    APBPrescTable                            0x08005ddd   Data           8  system_stm32l1xx.o(.constdata)
    __ctype_table                            0x08005de5   Data         129  ctype_o.o(.constdata)
    Region$$Table$$Base                      0x08005e98   Number         0  anon$$obj.o(Region$$Table)
    Region$$Table$$Limit                     0x08005eb8   Number         0  anon$$obj.o(Region$$Table)
    g_user_key_value                         0x20000000   Data           1  main.o(.data)
    Task_DataacquHandle                      0x2000000c   Data           4  freertos.o(.data)
    Task_UsercmdHandle                       0x20000010   Data           4  freertos.o(.data)
    Task_LedHandle                           0x20000014   Data           4  freertos.o(.data)
    CmdQueueHandle                           0x20000018   Data           4  freertos.o(.data)
    Timer3SemHandle                          0x2000001c   Data           4  freertos.o(.data)
    uwTick                                   0x20000024   Data           4  stm32l1xx_hal.o(.data)
    SystemCoreClock                          0x20000028   Data           4  system_stm32l1xx.o(.data)
    pxCurrentTCB                             0x20000050   Data           4  tasks.o(.data)
    I2cxTimeout_6DSL                         0x2000008c   Data           4  lsm6dsl.o(.data)
    I2cxTimeout_303AGR                       0x20000090   Data           4  lsm303agr.o(.data)
    __stdout                                 0x20000094   Data           4  stdout.o(.data)
    hi2c1                                    0x2000009c   Data          84  i2c.o(.bss)
    htim3                                    0x200000f0   Data          56  tim.o(.bss)
    huart2                                   0x20000128   Data          64  usart.o(.bss)
    htim2                                    0x2000017c   Data          56  stm32l1xx_hal_timebase_tim.o(.bss)
    pFlash                                   0x200001b4   Data          24  stm32l1xx_hal_flash.o(.bss)
    __initial_sp                             0x200012c0   Data           0  startup_stm32l152xe.o(STACK)



==============================================================================

Memory Map of the image

  Image Entry point : 0x08000125

  Load Region LR_IROM1 (Base: 0x08000000, Size: 0x00005f54, Max: 0x00080000, ABSOLUTE)

    Execution Region ER_IROM1 (Base: 0x08000000, Size: 0x00005eb8, Max: 0x00080000, ABSOLUTE)

    Base Addr    Size         Type   Attr      Idx    E Section Name        Object

    0x08000000   0x00000124   Data   RO            3    RESET               startup_stm32l152xe.o
    0x08000124   0x00000000   Code   RO         4301  * .ARM.Collect$$$$00000000  mc_w.l(entry.o)
    0x08000124   0x00000004   Code   RO         4585    .ARM.Collect$$$$00000001  mc_w.l(entry2.o)
    0x08000128   0x00000004   Code   RO         4588    .ARM.Collect$$$$00000004  mc_w.l(entry5.o)
    0x0800012c   0x00000000   Code   RO         4590    .ARM.Collect$$$$00000008  mc_w.l(entry7b.o)
    0x0800012c   0x00000000   Code   RO         4592    .ARM.Collect$$$$0000000A  mc_w.l(entry8b.o)
    0x0800012c   0x00000008   Code   RO         4593    .ARM.Collect$$$$0000000B  mc_w.l(entry9a.o)
    0x08000134   0x00000000   Code   RO         4595    .ARM.Collect$$$$0000000D  mc_w.l(entry10a.o)
    0x08000134   0x00000000   Code   RO         4597    .ARM.Collect$$$$0000000F  mc_w.l(entry11a.o)
    0x08000134   0x00000004   Code   RO         4586    .ARM.Collect$$$$00002712  mc_w.l(entry2.o)
    0x08000138   0x00000096   Code   RO         3077    .emb_text           port.o
    0x080001ce   0x00000002   PAD
    0x080001d0   0x00000024   Code   RO            4    .text               startup_stm32l152xe.o
    0x080001f4   0x00000024   Code   RO         4304    .text               mc_w.l(memcpya.o)
    0x08000218   0x00000024   Code   RO         4306    .text               mc_w.l(memseta.o)
    0x0800023c   0x0000000e   Code   RO         4308    .text               mc_w.l(strlen.o)
    0x0800024a   0x0000001c   Code   RO         4310    .text               mc_w.l(strcmp.o)
    0x08000266   0x0000001c   Code   RO         4312    .text               mc_w.l(strspn.o)
    0x08000282   0x0000001a   Code   RO         4577    .text               mc_w.l(atoi.o)
    0x0800029c   0x00000018   Code   RO         4579    .text               mf_w.l(fscalb.o)
    0x080002b4   0x0000000a   Code   RO         4581    .text               mf_w.l(ffltui.o)
    0x080002be   0x00000026   Code   RO         4583    .text               mf_w.l(f2d.o)
    0x080002e4   0x0000002c   Code   RO         4600    .text               mc_w.l(uidiv.o)
    0x08000310   0x00000062   Code   RO         4602    .text               mc_w.l(uldiv.o)
    0x08000372   0x00000070   Code   RO         4611    .text               mc_w.l(strtol.o)
    0x080003e2   0x00000000   Code   RO         4613    .text               mc_w.l(iusefp.o)
    0x080003e2   0x0000006e   Code   RO         4614    .text               mf_w.l(fepilogue.o)
    0x08000450   0x0000014e   Code   RO         4616    .text               mf_w.l(dadd.o)
    0x0800059e   0x000000e4   Code   RO         4618    .text               mf_w.l(dmul.o)
    0x08000682   0x000000de   Code   RO         4620    .text               mf_w.l(ddiv.o)
    0x08000760   0x00000030   Code   RO         4622    .text               mf_w.l(dfixul.o)
    0x08000790   0x00000030   Code   RO         4624    .text               mf_w.l(cdrcmple.o)
    0x080007c0   0x00000024   Code   RO         4626    .text               mc_w.l(init.o)
    0x080007e4   0x0000001e   Code   RO         4628    .text               mc_w.l(llshl.o)
    0x08000802   0x00000020   Code   RO         4630    .text               mc_w.l(llushr.o)
    0x08000822   0x00000024   Code   RO         4632    .text               mc_w.l(llsshr.o)
    0x08000846   0x00000002   PAD
    0x08000848   0x00000008   Code   RO         4634    .text               mc_w.l(ctype_o.o)
    0x08000850   0x0000009e   Code   RO         4662    .text               mc_w.l(_strtoul.o)
    0x080008ee   0x000000ba   Code   RO         4664    .text               mf_w.l(depilogue.o)
    0x080009a8   0x0000001c   Code   RO         4666    .text               mc_w.l(_chval.o)
    0x080009c4   0x00000002   Code   RO          444    i.BusFault_Handler  stm32l1xx_it.o
    0x080009c6   0x00000002   Code   RO          445    i.DebugMon_Handler  stm32l1xx_it.o
    0x080009c8   0x00000008   Code   RO          446    i.EXTI15_10_IRQHandler  stm32l1xx_it.o
    0x080009d0   0x00000028   Code   RO         2300    i.FLASH_PageErase   stm32l1xx_hal_flash_ex.o
    0x080009f8   0x00000058   Code   RO         2201    i.FLASH_SetErrorCode  stm32l1xx_hal_flash.o
    0x08000a50   0x0000005c   Code   RO         2202    i.FLASH_WaitForLastOperation  stm32l1xx_hal_flash.o
    0x08000aac   0x0000001c   Code   RO          251    i.Func_Led_Flashing  freertos.o
    0x08000ac8   0x000000d4   Code   RO          252    i.Func_Sensor_Data_Acquiring_Saving  freertos.o
    0x08000b9c   0x00000314   Code   RO          253    i.Func_User_Cmd_Processing  freertos.o
    0x08000eb0   0x00000080   Code   RO         2309    i.HAL_FLASHEx_Erase  stm32l1xx_hal_flash_ex.o
    0x08000f30   0x00000014   Code   RO         2206    i.HAL_FLASH_Lock    stm32l1xx_hal_flash.o
    0x08000f44   0x0000003c   Code   RO         2211    i.HAL_FLASH_Program  stm32l1xx_hal_flash.o
    0x08000f80   0x00000044   Code   RO         2213    i.HAL_FLASH_Unlock  stm32l1xx_hal_flash.o
    0x08000fc4   0x00000148   Code   RO         2477    i.HAL_GPIO_DeInit   stm32l1xx_hal_gpio.o
    0x0800110c   0x00000078   Code   RO           13    i.HAL_GPIO_EXTI_Callback  main.o
    0x08001184   0x00000018   Code   RO         2479    i.HAL_GPIO_EXTI_IRQHandler  stm32l1xx_hal_gpio.o
    0x0800119c   0x000001b0   Code   RO         2480    i.HAL_GPIO_Init     stm32l1xx_hal_gpio.o
    0x0800134c   0x00000008   Code   RO         2483    i.HAL_GPIO_TogglePin  stm32l1xx_hal_gpio.o
    0x08001354   0x0000000a   Code   RO         2484    i.HAL_GPIO_WritePin  stm32l1xx_hal_gpio.o
    0x0800135e   0x00000002   PAD
    0x08001360   0x0000000c   Code   RO         1904    i.HAL_GetTick       stm32l1xx_hal.o
    0x0800136c   0x00000032   Code   RO          603    i.HAL_I2C_DeInit    stm32l1xx_hal_i2c.o
    0x0800139e   0x00000002   PAD
    0x080013a0   0x00000144   Code   RO          612    i.HAL_I2C_Init      stm32l1xx_hal_i2c.o
    0x080014e4   0x00000238   Code   RO          628    i.HAL_I2C_Mem_Read  stm32l1xx_hal_i2c.o
    0x0800171c   0x00000144   Code   RO          631    i.HAL_I2C_Mem_Write  stm32l1xx_hal_i2c.o
    0x08001860   0x0000002c   Code   RO          318    i.HAL_I2C_MspDeInit  i2c.o
    0x0800188c   0x0000004c   Code   RO          319    i.HAL_I2C_MspInit   i2c.o
    0x080018d8   0x00000010   Code   RO         1905    i.HAL_IncTick       stm32l1xx_hal.o
    0x080018e8   0x00000016   Code   RO         1906    i.HAL_Init          stm32l1xx_hal.o
    0x080018fe   0x00000002   PAD
    0x08001900   0x00000070   Code   RO          561    i.HAL_InitTick      stm32l1xx_hal_timebase_tim.o
    0x08001970   0x00000090   Code   RO          537    i.HAL_MspInit       stm32l1xx_hal_msp.o
    0x08001a00   0x00000016   Code   RO         2823    i.HAL_NVIC_EnableIRQ  stm32l1xx_hal_cortex.o
    0x08001a16   0x00000002   PAD
    0x08001a18   0x00000040   Code   RO         2829    i.HAL_NVIC_SetPriority  stm32l1xx_hal_cortex.o
    0x08001a58   0x00000024   Code   RO         2830    i.HAL_NVIC_SetPriorityGrouping  stm32l1xx_hal_cortex.o
    0x08001a7c   0x000001d4   Code   RO         2029    i.HAL_RCC_ClockConfig  stm32l1xx_hal_rcc.o
    0x08001c50   0x00000040   Code   RO         2033    i.HAL_RCC_GetClockConfig  stm32l1xx_hal_rcc.o
    0x08001c90   0x0000000c   Code   RO         2034    i.HAL_RCC_GetHCLKFreq  stm32l1xx_hal_rcc.o
    0x08001c9c   0x00000030   Code   RO         2036    i.HAL_RCC_GetPCLK1Freq  stm32l1xx_hal_rcc.o
    0x08001ccc   0x00000030   Code   RO         2037    i.HAL_RCC_GetPCLK2Freq  stm32l1xx_hal_rcc.o
    0x08001cfc   0x0000008c   Code   RO         2038    i.HAL_RCC_GetSysClockFreq  stm32l1xx_hal_rcc.o
    0x08001d88   0x00000750   Code   RO         2041    i.HAL_RCC_OscConfig  stm32l1xx_hal_rcc.o
    0x080024d8   0x00000018   Code   RO         2832    i.HAL_SYSTICK_CLKSourceConfig  stm32l1xx_hal_cortex.o
    0x080024f0   0x00000028   Code   RO         2834    i.HAL_SYSTICK_Config  stm32l1xx_hal_cortex.o
    0x08002518   0x00000050   Code   RO         1626    i.HAL_TIMEx_MasterConfigSynchronization  stm32l1xx_hal_tim_ex.o
    0x08002568   0x00000036   Code   RO         1001    i.HAL_TIM_Base_Init  stm32l1xx_hal_tim.o
    0x0800259e   0x00000002   PAD
    0x080025a0   0x0000003c   Code   RO          361    i.HAL_TIM_Base_MspInit  tim.o
    0x080025dc   0x00000018   Code   RO         1006    i.HAL_TIM_Base_Start_IT  stm32l1xx_hal_tim.o
    0x080025f4   0x00000022   Code   RO         1009    i.HAL_TIM_Base_Stop_IT  stm32l1xx_hal_tim.o
    0x08002616   0x000000f2   Code   RO         1010    i.HAL_TIM_ConfigClockSource  stm32l1xx_hal_tim.o
    0x08002708   0x00000002   Code   RO         1030    i.HAL_TIM_IC_CaptureCallback  stm32l1xx_hal_tim.o
    0x0800270a   0x00000126   Code   RO         1043    i.HAL_TIM_IRQHandler  stm32l1xx_hal_tim.o
    0x08002830   0x00000002   Code   RO         1046    i.HAL_TIM_OC_DelayElapsedCallback  stm32l1xx_hal_tim.o
    0x08002832   0x00000002   Code   RO         1073    i.HAL_TIM_PWM_PulseFinishedCallback  stm32l1xx_hal_tim.o
    0x08002834   0x00000050   Code   RO           14    i.HAL_TIM_PeriodElapsedCallback  main.o
    0x08002884   0x00000002   Code   RO         1084    i.HAL_TIM_TriggerCallback  stm32l1xx_hal_tim.o
    0x08002886   0x00000002   Code   RO         1668    i.HAL_UART_ErrorCallback  stm32l1xx_hal_uart.o
    0x08002888   0x00000006   Code   RO         1670    i.HAL_UART_GetState  stm32l1xx_hal_uart.o
    0x0800288e   0x00000002   PAD
    0x08002890   0x000000da   Code   RO         1671    i.HAL_UART_IRQHandler  stm32l1xx_hal_uart.o
    0x0800296a   0x0000005e   Code   RO         1672    i.HAL_UART_Init     stm32l1xx_hal_uart.o
    0x080029c8   0x0000005c   Code   RO          403    i.HAL_UART_MspInit  usart.o
    0x08002a24   0x000000cc   Code   RO         1675    i.HAL_UART_Receive  stm32l1xx_hal_uart.o
    0x08002af0   0x00000002   Code   RO         1678    i.HAL_UART_RxCpltCallback  stm32l1xx_hal_uart.o
    0x08002af2   0x00000002   PAD
    0x08002af4   0x000000cc   Code   RO         1680    i.HAL_UART_Transmit  stm32l1xx_hal_uart.o
    0x08002bc0   0x00000002   Code   RO         1683    i.HAL_UART_TxCpltCallback  stm32l1xx_hal_uart.o
    0x08002bc2   0x00000002   Code   RO          447    i.HardFault_Handler  stm32l1xx_it.o
    0x08002bc4   0x00000028   Code   RO          650    i.I2C_IsAcknowledgeFailed  stm32l1xx_hal_i2c.o
    0x08002bec   0x00000048   Code   RO         4224    i.I2C_LSM303AGR_Error  lsm303agr.o
    0x08002c34   0x00000034   Code   RO         4225    i.I2C_LSM303AGR_ReadData  lsm303agr.o
    0x08002c68   0x00000030   Code   RO         4226    i.I2C_LSM303AGR_WriteData  lsm303agr.o
    0x08002c98   0x00000044   Code   RO         4174    i.I2C_LSM6DSL_Error  lsm6dsl.o
    0x08002cdc   0x00000038   Code   RO         4175    i.I2C_LSM6DSL_ReadData  lsm6dsl.o
    0x08002d14   0x00000030   Code   RO         4176    i.I2C_LSM6DSL_WriteData  lsm6dsl.o
    0x08002d44   0x000000f0   Code   RO          659    i.I2C_RequestMemoryRead  stm32l1xx_hal_i2c.o
    0x08002e34   0x000000a0   Code   RO          660    i.I2C_RequestMemoryWrite  stm32l1xx_hal_i2c.o
    0x08002ed4   0x0000004e   Code   RO          663    i.I2C_WaitOnBTFFlagUntilTimeout  stm32l1xx_hal_i2c.o
    0x08002f22   0x00000060   Code   RO          664    i.I2C_WaitOnFlagUntilTimeout  stm32l1xx_hal_i2c.o
    0x08002f82   0x00000002   PAD
    0x08002f84   0x00000088   Code   RO          665    i.I2C_WaitOnMasterAddressFlagUntilTimeout  stm32l1xx_hal_i2c.o
    0x0800300c   0x00000062   Code   RO          666    i.I2C_WaitOnRXNEFlagUntilTimeout  stm32l1xx_hal_i2c.o
    0x0800306e   0x0000004e   Code   RO          667    i.I2C_WaitOnTXEFlagUntilTimeout  stm32l1xx_hal_i2c.o
    0x080030bc   0x00000096   Code   RO         4227    i.LSM303AGR_GetDat  lsm303agr.o
    0x08003152   0x0000002e   Code   RO         4228    i.LSM303AGR_Init    lsm303agr.o
    0x08003180   0x0000007e   Code   RO         4177    i.LSM6DSL_GetDat    lsm6dsl.o
    0x080031fe   0x00000036   Code   RO         4178    i.LSM6DSL_Init      lsm6dsl.o
    0x08003234   0x000000a4   Code   RO          254    i.MX_FREERTOS_Init  freertos.o
    0x080032d8   0x000000a0   Code   RO          227    i.MX_GPIO_Init      gpio.o
    0x08003378   0x00000054   Code   RO          320    i.MX_I2C1_Init      i2c.o
    0x080033cc   0x00000078   Code   RO          362    i.MX_TIM3_Init      tim.o
    0x08003444   0x0000004c   Code   RO          404    i.MX_USART2_UART_Init  usart.o
    0x08003490   0x00000002   Code   RO          448    i.MemManage_Handler  stm32l1xx_it.o
    0x08003492   0x00000002   Code   RO          449    i.NMI_Handler       stm32l1xx_it.o
    0x08003494   0x00000020   Code   RO         2836    i.NVIC_SetPriority  stm32l1xx_hal_cortex.o
    0x080034b4   0x00000080   Code   RO         2042    i.RCC_SetFlashLatencyFromMSIRange  stm32l1xx_hal_rcc.o
    0x08003534   0x00000148   Code   RO         4274    i.SensorDataStore_Read  sensordatastore.o
    0x0800367c   0x000000a8   Code   RO         4275    i.SensorDataStore_Write  sensordatastore.o
    0x08003724   0x00000004   Code   RO          450    i.SysTick_Handler   stm32l1xx_it.o
    0x08003728   0x0000007c   Code   RO           15    i.SystemClock_Config  main.o
    0x080037a4   0x00000050   Code   RO         2954    i.SystemInit        system_stm32l1xx.o
    0x080037f4   0x0000000c   Code   RO          451    i.TIM2_IRQHandler   stm32l1xx_it.o
    0x08003800   0x0000000c   Code   RO          452    i.TIM3_IRQHandler   stm32l1xx_it.o
    0x0800380c   0x0000007c   Code   RO         1085    i.TIM_Base_SetConfig  stm32l1xx_hal_tim.o
    0x08003888   0x00000014   Code   RO         1092    i.TIM_ETR_SetConfig  stm32l1xx_hal_tim.o
    0x0800389c   0x00000010   Code   RO         1093    i.TIM_ITRx_SetConfig  stm32l1xx_hal_tim.o
    0x080038ac   0x00000022   Code   RO         1099    i.TIM_TI1_ConfigInputStage  stm32l1xx_hal_tim.o
    0x080038ce   0x00000024   Code   RO         1101    i.TIM_TI2_ConfigInputStage  stm32l1xx_hal_tim.o
    0x080038f2   0x00000002   PAD
    0x080038f4   0x000000a8   Code   RO         1690    i.UART_Receive_IT   stm32l1xx_hal_uart.o
    0x0800399c   0x000002a0   Code   RO         1691    i.UART_SetConfig    stm32l1xx_hal_uart.o
    0x08003c3c   0x00000066   Code   RO         1692    i.UART_Transmit_IT  stm32l1xx_hal_uart.o
    0x08003ca2   0x00000092   Code   RO         1693    i.UART_WaitOnFlagUntilTimeout  stm32l1xx_hal_uart.o
    0x08003d34   0x00000100   Code   RO          453    i.USART2_IRQHandler  stm32l1xx_it.o
    0x08003e34   0x00000002   Code   RO          454    i.UsageFault_Handler  stm32l1xx_it.o
    0x08003e36   0x00000002   Code   RO           16    i._Error_Handler    main.o
    0x08003e38   0x00000020   Code   RO         4549    i.__0printf         mc_w.l(printfa.o)
    0x08003e58   0x00000008   Code   RO         4604    i.__aeabi_errno_addr  mc_w.l(errno.o)
    0x08003e60   0x0000000e   Code   RO         4670    i.__scatterload_copy  mc_w.l(handlers.o)
    0x08003e6e   0x00000002   Code   RO         4671    i.__scatterload_null  mc_w.l(handlers.o)
    0x08003e70   0x0000000e   Code   RO         4672    i.__scatterload_zeroinit  mc_w.l(handlers.o)
    0x08003e7e   0x00000002   PAD
    0x08003e80   0x00000164   Code   RO         4556    i._fp_digits        mc_w.l(printfa.o)
    0x08003fe4   0x000006dc   Code   RO         4557    i._printf_core      mc_w.l(printfa.o)
    0x080046c0   0x00000024   Code   RO         4558    i._printf_post_padding  mc_w.l(printfa.o)
    0x080046e4   0x0000002e   Code   RO         4559    i._printf_pre_padding  mc_w.l(printfa.o)
    0x08004712   0x00000002   PAD
    0x08004714   0x00000018   Code   RO           17    i.fputc             main.o
    0x0800472c   0x0000000c   Code   RO         3789    i.inHandlerMode     cmsis_os.o
    0x08004738   0x0000012c   Code   RO           18    i.main              main.o
    0x08004864   0x0000000c   Code   RO         3791    i.makeFreeRtosPriority  cmsis_os.o
    0x08004870   0x0000000e   Code   RO         3793    i.osDelay           cmsis_os.o
    0x0800487e   0x0000000a   Code   RO         3796    i.osKernelStart     cmsis_os.o
    0x08004888   0x00000008   Code   RO         3805    i.osMessageCreate   cmsis_os.o
    0x08004890   0x00000098   Code   RO         3807    i.osMessageGet      cmsis_os.o
    0x08004928   0x0000005c   Code   RO         3809    i.osMessagePut      cmsis_os.o
    0x08004984   0x00000026   Code   RO         3822    i.osSemaphoreCreate  cmsis_os.o
    0x080049aa   0x00000002   PAD
    0x080049ac   0x00000050   Code   RO         3825    i.osSemaphoreRelease  cmsis_os.o
    0x080049fc   0x00000068   Code   RO         3826    i.osSemaphoreWait   cmsis_os.o
    0x08004a64   0x00000014   Code   RO         3829    i.osSystickHandler  cmsis_os.o
    0x08004a78   0x0000002e   Code   RO         3830    i.osThreadCreate    cmsis_os.o
    0x08004aa6   0x00000002   PAD
    0x08004aa8   0x00000070   Code   RO         3480    i.prvAddCurrentTaskToDelayedList  tasks.o
    0x08004b18   0x000000d0   Code   RO         3481    i.prvAddNewTaskToReadyList  tasks.o
    0x08004be8   0x00000050   Code   RO         3482    i.prvCheckTasksWaitingTermination  tasks.o
    0x08004c38   0x00000026   Code   RO         3328    i.prvCopyDataFromQueue  queue.o
    0x08004c5e   0x0000006c   Code   RO         3329    i.prvCopyDataToQueue  queue.o
    0x08004cca   0x00000014   Code   RO         3483    i.prvDeleteTCB      tasks.o
    0x08004cde   0x00000002   PAD
    0x08004ce0   0x0000004c   Code   RO         2991    i.prvHeapInit       heap_4.o
    0x08004d2c   0x00000028   Code   RO         3484    i.prvIdleTask       tasks.o
    0x08004d54   0x0000008e   Code   RO         3485    i.prvInitialiseNewTask  tasks.o
    0x08004de2   0x00000002   PAD
    0x08004de4   0x0000004c   Code   RO         2992    i.prvInsertBlockIntoFreeList  heap_4.o
    0x08004e30   0x0000001c   Code   RO         3330    i.prvIsQueueEmpty   queue.o
    0x08004e4c   0x00000020   Code   RO         3486    i.prvResetNextTaskUnblockTime  tasks.o
    0x08004e6c   0x00000028   Code   RO         3078    i.prvTaskExitError  port.o
    0x08004e94   0x0000006a   Code   RO         3331    i.prvUnlockQueue    queue.o
    0x08004efe   0x00000002   PAD
    0x08004f00   0x000000d8   Code   RO         2993    i.pvPortMalloc      heap_4.o
    0x08004fd8   0x00000018   Code   RO         3488    i.pvTaskIncrementMutexHeldCount  tasks.o
    0x08004ff0   0x00000024   Code   RO         3079    i.pxPortInitialiseStack  port.o
    0x08005014   0x00000024   Code   RO         3279    i.uxListRemove      list.o
    0x08005038   0x00000016   Code   RO         3280    i.vListInitialise   list.o
    0x0800504e   0x00000006   Code   RO         3281    i.vListInitialiseItem  list.o
    0x08005054   0x00000030   Code   RO         3282    i.vListInsert       list.o
    0x08005084   0x00000018   Code   RO         3283    i.vListInsertEnd    list.o
    0x0800509c   0x00000040   Code   RO         3081    i.vPortEnterCritical  port.o
    0x080050dc   0x00000028   Code   RO         3082    i.vPortExitCritical  port.o
    0x08005104   0x0000005c   Code   RO         2994    i.vPortFree         heap_4.o
    0x08005160   0x00000020   Code   RO         3083    i.vPortSetupTimerInterrupt  port.o
    0x08005180   0x00000054   Code   RO         3084    i.vPortValidateInterruptPriority  port.o
    0x080051d4   0x0000004c   Code   RO         3494    i.vTaskDelay        tasks.o
    0x08005220   0x0000000c   Code   RO         3497    i.vTaskMissedYield  tasks.o
    0x0800522c   0x00000030   Code   RO         3499    i.vTaskPlaceOnEventList  tasks.o
    0x0800525c   0x00000084   Code   RO         3501    i.vTaskPriorityInherit  tasks.o
    0x080052e0   0x00000024   Code   RO         3504    i.vTaskSetTimeOutState  tasks.o
    0x08005304   0x00000068   Code   RO         3505    i.vTaskStartScheduler  tasks.o
    0x0800536c   0x00000010   Code   RO         3507    i.vTaskSuspendAll   tasks.o
    0x0800537c   0x0000005c   Code   RO         3508    i.vTaskSwitchContext  tasks.o
    0x080053d8   0x00000074   Code   RO         3085    i.xPortStartScheduler  port.o
    0x0800544c   0x0000002c   Code   RO         3086    i.xPortSysTickHandler  port.o
    0x08005478   0x00000048   Code   RO         3339    i.xQueueGenericCreate  queue.o
    0x080054c0   0x0000016c   Code   RO         3340    i.xQueueGenericReceive  queue.o
    0x0800562c   0x00000088   Code   RO         3341    i.xQueueGenericReset  queue.o
    0x080056b4   0x00000160   Code   RO         3342    i.xQueueGenericSend  queue.o
    0x08005814   0x000000bc   Code   RO         3343    i.xQueueGenericSendFromISR  queue.o
    0x080058d0   0x0000009c   Code   RO         3344    i.xQueueGiveFromISR  queue.o
    0x0800596c   0x0000009a   Code   RO         3348    i.xQueueReceiveFromISR  queue.o
    0x08005a06   0x00000002   PAD
    0x08005a08   0x0000006c   Code   RO         3509    i.xTaskCheckForTimeOut  tasks.o
    0x08005a74   0x00000056   Code   RO         3510    i.xTaskCreate       tasks.o
    0x08005aca   0x00000002   PAD
    0x08005acc   0x0000001c   Code   RO         3514    i.xTaskGetSchedulerState  tasks.o
    0x08005ae8   0x000000c8   Code   RO         3517    i.xTaskIncrementTick  tasks.o
    0x08005bb0   0x00000098   Code   RO         3520    i.xTaskPriorityDisinherit  tasks.o
    0x08005c48   0x00000074   Code   RO         3521    i.xTaskRemoveFromEventList  tasks.o
    0x08005cbc   0x000000c4   Code   RO         3523    i.xTaskResumeAll    tasks.o
    0x08005d80   0x00000044   Data   RO          255    .constdata          freertos.o
    0x08005dc4   0x00000019   Data   RO         2955    .constdata          system_stm32l1xx.o
    0x08005ddd   0x00000008   Data   RO         2956    .constdata          system_stm32l1xx.o
    0x08005de5   0x00000081   Data   RO         4635    .constdata          mc_w.l(ctype_o.o)
    0x08005e66   0x00000002   PAD
    0x08005e68   0x00000004   Data   RO         4636    .constdata          mc_w.l(ctype_o.o)
    0x08005e6c   0x0000002a   Data   RO          256    .conststring        freertos.o
    0x08005e96   0x00000002   PAD
    0x08005e98   0x00000020   Data   RO         4668    Region$$Table       anon$$obj.o


    Execution Region RW_IRAM1 (Base: 0x20000000, Size: 0x000012c0, Max: 0x00014000, ABSOLUTE)

    Base Addr    Size         Type   Attr      Idx    E Section Name        Object

    0x20000000   0x00000001   Data   RW           19    .data               main.o
    0x20000001   0x00000003   PAD
    0x20000004   0x0000001c   Data   RW          257    .data               freertos.o
    0x20000020   0x00000003   Data   RW          456    .data               stm32l1xx_it.o
    0x20000023   0x00000001   PAD
    0x20000024   0x00000004   Data   RW         1912    .data               stm32l1xx_hal.o
    0x20000028   0x00000004   Data   RW         2957    .data               system_stm32l1xx.o
    0x2000002c   0x00000018   Data   RW         2999    .data               heap_4.o
    0x20000044   0x0000000c   Data   RW         3087    .data               port.o
    0x20000050   0x0000003c   Data   RW         3526    .data               tasks.o
    0x2000008c   0x00000004   Data   RW         4179    .data               lsm6dsl.o
    0x20000090   0x00000004   Data   RW         4229    .data               lsm303agr.o
    0x20000094   0x00000004   Data   RW         4599    .data               mc_w.l(stdout.o)
    0x20000098   0x00000004   Data   RW         4607    .data               mc_w.l(errno.o)
    0x2000009c   0x00000054   Zero   RW          321    .bss                i2c.o
    0x200000f0   0x00000038   Zero   RW          363    .bss                tim.o
    0x20000128   0x00000040   Zero   RW          405    .bss                usart.o
    0x20000168   0x00000014   Zero   RW          455    .bss                stm32l1xx_it.o
    0x2000017c   0x00000038   Zero   RW          564    .bss                stm32l1xx_hal_timebase_tim.o
    0x200001b4   0x00000018   Zero   RW         2214    .bss                stm32l1xx_hal_flash.o
    0x200001cc   0x00000c00   Zero   RW         2998    .bss                heap_4.o
    0x20000dcc   0x000000f0   Zero   RW         3525    .bss                tasks.o
    0x20000ebc   0x00000004   PAD
    0x20000ec0   0x00000400   Zero   RW            1    STACK               startup_stm32l152xe.o


==============================================================================

Image component sizes


      Code (inc. data)   RO Data    RW Data    ZI Data      Debug   Object Name

       588         22          0          0          0      20675   cmsis_os.o
         0          0          0          0          0       8076   event_groups.o
      1192        584        110         28          0       4856   freertos.o
       160         16          0          0          0        927   gpio.o
       460         24          0         24       3072       8667   heap_4.o
       204         56          0          0         84       1969   i2c.o
       136          0          0          0          0       3266   list.o
       368         66          0          4          0       3356   lsm303agr.o
       352         62          0          4          0       3290   lsm6dsl.o
       650        276          0          1          0     450865   main.o
       606         72          0         12          0      10921   port.o
      1702         14          0          0          0      14520   queue.o
       496        198          0          0          0       2791   sensordatastore.o
        36          8        292          0       1024        796   startup_stm32l152xe.o
        50         12          0          4          0       2456   stm32l1xx_hal.o
       218         14          0          0          0      27857   stm32l1xx_hal_cortex.o
       328         46          0          0         24       3502   stm32l1xx_hal_flash.o
       168         16          0          0          0       3561   stm32l1xx_hal_flash_ex.o
       802         84          0          0          0       4282   stm32l1xx_hal_gpio.o
      2192         30          0          0          0      12875   stm32l1xx_hal_i2c.o
       144          4          0          0          0        914   stm32l1xx_hal_msp.o
      2780        124          0          0          0       7661   stm32l1xx_hal_rcc.o
       886         24          0          0          0       9653   stm32l1xx_hal_tim.o
        80          0          0          0          0       1148   stm32l1xx_hal_tim_ex.o
       112         12          0          0         56       1404   stm32l1xx_hal_timebase_tim.o
      1820          6          0          0          0       9438   stm32l1xx_hal_uart.o
       304        108          0          3         20       4902   stm32l1xx_it.o
        80         18         33          4          0       1187   system_stm32l1xx.o
      2060        172          0         60        240      21381   tasks.o
       180         36          0          0         56       1562   tim.o
       168         38          0          0         64       1562   usart.o

    ----------------------------------------------------------------------
     19356       2142        469        148       4644     650320   Object Totals
         0          0         32          0          0          0   (incl. Generated)
        34          0          2          4          4          0   (incl. Padding)

    ----------------------------------------------------------------------

      Code (inc. data)   RO Data    RW Data    ZI Data      Debug   Library Member Name

        28          0          0          0          0         68   _chval.o
       158          0          0          0          0         92   _strtoul.o
        26          0          0          0          0         80   atoi.o
         8          4        133          0          0         68   ctype_o.o
         0          0          0          0          0          0   entry.o
         0          0          0          0          0          0   entry10a.o
         0          0          0          0          0          0   entry11a.o
         8          4          0          0          0          0   entry2.o
         4          0          0          0          0          0   entry5.o
         0          0          0          0          0          0   entry7b.o
         0          0          0          0          0          0   entry8b.o
         8          4          0          0          0          0   entry9a.o
         8          4          0          4          0         68   errno.o
        30          0          0          0          0          0   handlers.o
        36          8          0          0          0         68   init.o
         0          0          0          0          0          0   iusefp.o
        30          0          0          0          0         68   llshl.o
        36          0          0          0          0         68   llsshr.o
        32          0          0          0          0         68   llushr.o
        36          0          0          0          0         68   memcpya.o
        36          0          0          0          0        108   memseta.o
      2226         90          0          0          0        444   printfa.o
         0          0          0          4          0          0   stdout.o
        28          0          0          0          0         76   strcmp.o
        14          0          0          0          0         68   strlen.o
        28          0          0          0          0         80   strspn.o
       112          0          0          0          0         88   strtol.o
        44          0          0          0          0         80   uidiv.o
        98          0          0          0          0         92   uldiv.o
        48          0          0          0          0         68   cdrcmple.o
       334          0          0          0          0        148   dadd.o
       222          0          0          0          0        100   ddiv.o
       186          0          0          0          0        176   depilogue.o
        48          0          0          0          0         68   dfixul.o
       228          0          0          0          0         96   dmul.o
        38          0          0          0          0         68   f2d.o
       110          0          0          0          0        168   fepilogue.o
        10          0          0          0          0         68   ffltui.o
        24          0          0          0          0         68   fscalb.o

    ----------------------------------------------------------------------
      4288        114        135          8          0       2780   Library Totals
         6          0          2          0          0          0   (incl. Padding)

    ----------------------------------------------------------------------

      Code (inc. data)   RO Data    RW Data    ZI Data      Debug   Library Name

      3034        114        133          8          0       1752   mc_w.l
      1248          0          0          0          0       1028   mf_w.l

    ----------------------------------------------------------------------
      4288        114        135          8          0       2780   Library Totals

    ----------------------------------------------------------------------

==============================================================================


      Code (inc. data)   RO Data    RW Data    ZI Data      Debug   

     23644       2256        604        156       4644     642696   Grand Totals
     23644       2256        604        156       4644     642696   ELF Image Totals
     23644       2256        604        156          0          0   ROM Totals

==============================================================================

    Total RO  Size (Code + RO Data)                24248 (  23.68kB)
    Total RW  Size (RW Data + ZI Data)              4800 (   4.69kB)
    Total ROM Size (Code + RO Data + RW Data)      24404 (  23.83kB)

==============================================================================

